Component: ARM Compiler 5.05 update 1 (build 106) Tool: armlink [4d0efa]

==============================================================================

Section Cross References

    main.o(i.main) refers to delay.o(i.delay_init) for delay_init
    main.o(i.main) refers to misc.o(i.NVIC_PriorityGroupConfig) for NVIC_PriorityGroupConfig
    main.o(i.main) refers to usart1.o(i.usart1_init) for usart1_init
    main.o(i.main) refers to usart.o(i.usart2_init) for usart2_init
    main.o(i.main) refers to usart.o(i.usart3_init) for usart3_init
    main.o(i.main) refers to usart.o(i.uart4_init) for uart4_init
    main.o(i.main) refers to usart.o(i.uart5_init) for uart5_init
    main.o(i.main) refers to usart.o(i.DEBUG_LOG) for DEBUG_LOG
    main.o(i.main) refers to led.o(i.LED_Init) for LED_Init
    main.o(i.main) refers to key.o(i.KEY_Init) for KEY_Init
    main.o(i.main) refers to rtc.o(i.RTC_Init) for RTC_Init
    main.o(i.main) refers to beep.o(i.BEEP_Init) for BEEP_Init
    main.o(i.main) refers to sr301.o(i.EXTIX_SR301_Init) for EXTIX_SR301_Init
    main.o(i.main) refers to adc.o(i.Adc_Init) for Adc_Init
    main.o(i.main) refers to mq135.o(i.MQ135_Init) for MQ135_Init
    main.o(i.main) refers to lsens.o(i.Lsens_Init) for Lsens_Init
    main.o(i.main) refers to motor.o(i.MOTOR_Init) for MOTOR_Init
    main.o(i.main) refers to exit.o(i.EXTIX_Init) for EXTIX_Init
    main.o(i.main) refers to oled.o(i.OLED_Init) for OLED_Init
    main.o(i.main) refers to lcd.o(i.LCD_Init) for LCD_Init
    main.o(i.main) refers to dht11.o(i.DHT11_Init) for DHT11_Init
    main.o(i.main) refers to lcd.o(i.LCD_ShowString) for LCD_ShowString
    main.o(i.main) refers to delay.o(i.delay_ms) for delay_ms
    main.o(i.main) refers to dht11.o(i.DHT11_Check) for DHT11_Check
    main.o(i.main) refers to lcd.o(i.LCD_Clear) for LCD_Clear
    main.o(i.main) refers to oled.o(i.OLED_Clear) for OLED_Clear
    main.o(i.main) refers to printfa.o(i.__0sprintf) for __2sprintf
    main.o(i.main) refers to oled.o(i.OLED_ShowString) for OLED_ShowString
    main.o(i.main) refers to oled.o(i.OLED_Refresh) for OLED_Refresh
    main.o(i.main) refers to esp8266.o(i.esp32_start_trans) for esp32_start_trans
    main.o(i.main) refers to esp8266.o(i.ESP8266_Init) for ESP8266_Init
    main.o(i.main) refers to onenet.o(i.OneNet_DevLink) for OneNet_DevLink
    main.o(i.main) refers to onenet.o(i.OneNet_Subscribe) for OneNet_Subscribe
    main.o(i.main) refers to 24cxx.o(i.AT24CXX_ReadOneByte) for AT24CXX_ReadOneByte
    main.o(i.main) refers to 24cxx.o(i.AT24CXX_WriteOneByte) for AT24CXX_WriteOneByte
    main.o(i.main) refers to ffixui.o(.text) for __aeabi_f2uiz
    main.o(i.main) refers to 24cxx.o(i.AT24CXX_WriteLenByte) for AT24CXX_WriteLenByte
    main.o(i.main) refers to 24cxx.o(i.AT24CXX_Write) for AT24CXX_Write
    main.o(i.main) refers to 24cxx.o(i.AT24CXX_ReadLenByte) for AT24CXX_ReadLenByte
    main.o(i.main) refers to ffltui.o(.text) for __aeabi_ui2f
    main.o(i.main) refers to 24cxx.o(i.AT24CXX_Read) for AT24CXX_Read
    main.o(i.main) refers to motor.o(i.Timer2_Init) for Timer2_Init
    main.o(i.main) refers to timer.o(i.Timer3_Init) for Timer3_Init
    main.o(i.main) refers to timer.o(i.Timer5_Init) for Timer5_Init
    main.o(i.main) refers to timer.o(i.TIM3_PWM_Init) for TIM3_PWM_Init
    main.o(i.main) refers to esp8266.o(i.get_current_weather) for get_current_weather
    main.o(i.main) refers to esp8266.o(i.get_threedays_weather) for get_threedays_weather
    main.o(i.main) refers to strcpy.o(.text) for strcpy
    main.o(i.main) refers to stm32f10x_gpio.o(i.GPIO_ReadInputDataBit) for GPIO_ReadInputDataBit
    main.o(i.main) refers to stm32f10x_gpio.o(i.GPIO_ReadOutputDataBit) for GPIO_ReadOutputDataBit
    main.o(i.main) refers to stm32f10x_tim.o(i.TIM_SetCompare1) for TIM_SetCompare1
    main.o(i.main) refers to touch.o(.data) for tp_dev
    main.o(i.main) refers to main.o(.data) for ESP8266_INIT_OK
    main.o(i.main) refers to main.o(.bss) for oledBuf
    main.o(i.main) refers to esp8266.o(.bss) for results
    main.o(i.main) refers to touch.o(i.TP_Read_XY2) for TP_Read_XY2
    main.o(i.main) refers to fflti.o(.text) for __aeabi_i2f
    main.o(i.main) refers to fmul.o(.text) for __aeabi_fmul
    main.o(i.main) refers to fadd.o(.text) for __aeabi_fadd
    main.o(i.main) refers to stm32f10x_tim.o(i.TIM_Cmd) for TIM_Cmd
    main.o(i.main) refers to lcd.o(.data) for Lcd_Page
    main.o(i.main) refers to usart.o(i.Usart_SendString) for Usart_SendString
    main.o(i.main) refers to lcd.o(i.LCD_ShowPage) for LCD_ShowPage
    main.o(i.main) refers to oled.o(i.OLED_Show_mode) for OLED_Show_mode
    main.o(i.main) refers to sim900a.o(i.sim900a_call_phone) for sim900a_call_phone
    main.o(i.main) refers to sim900a.o(i.sim900a_send_Chinese_message) for sim900a_send_Chinese_message
    main.o(i.main) refers to f2d.o(.text) for __aeabi_f2d
[...]
    MQTT_PacketConnect                       0x08009325   Thumb Code   666  mqttkit.o(i.MQTT_PacketConnect)
    MQTT_PacketPublish                       0x080095c5   Thumb Code   440  mqttkit.o(i.MQTT_PacketPublish)
    MQTT_PacketPublishComp                   0x0800977d   Thumb Code    72  mqttkit.o(i.MQTT_PacketPublishComp)
    MQTT_PacketPublishRel                    0x080097c5   Thumb Code    72  mqttkit.o(i.MQTT_PacketPublishRel)
    MQTT_PacketSubscribe                     0x0800980d   Thumb Code   254  mqttkit.o(i.MQTT_PacketSubscribe)
    MQTT_ReadLength                          0x0800990b   Thumb Code    70  mqttkit.o(i.MQTT_ReadLength)
    MQTT_UnPacketCmd                         0x08009951   Thumb Code   140  mqttkit.o(i.MQTT_UnPacketCmd)
    MQTT_UnPacketConnectAck                  0x080099dd   Thumb Code    30  mqttkit.o(i.MQTT_UnPacketConnectAck)
    MQTT_UnPacketPublish                     0x080099fd   Thumb Code   438  mqttkit.o(i.MQTT_UnPacketPublish)
    MQTT_UnPacketPublishAck                  0x08009bbd   Thumb Code    30  mqttkit.o(i.MQTT_UnPacketPublishAck)
    MQTT_UnPacketPublishComp                 0x08009bdb   Thumb Code    30  mqttkit.o(i.MQTT_UnPacketPublishComp)
    MQTT_UnPacketPublishRec                  0x08009bf9   Thumb Code    30  mqttkit.o(i.MQTT_UnPacketPublishRec)
    MQTT_UnPacketPublishRel                  0x08009c17   Thumb Code    36  mqttkit.o(i.MQTT_UnPacketPublishRel)
    MQTT_UnPacketRecv                        0x08009c3d   Thumb Code   106  mqttkit.o(i.MQTT_UnPacketRecv)
    MQTT_UnPacketSubscribe                   0x08009cb1   Thumb Code    52  mqttkit.o(i.MQTT_UnPacketSubscribe)
    MQTT_UnPacketUnSubscribe                 0x08009ce5   Thumb Code    18  mqttkit.o(i.MQTT_UnPacketUnSubscribe)
    MemManage_Handler                        0x08009cf7   Thumb Code     4  stm32f10x_it.o(i.MemManage_Handler)
    Motor_Stop                               0x08009cfd   Thumb Code    26  motor.o(i.Motor_Stop)
    NMI_Handler                              0x08009d21   Thumb Code     2  stm32f10x_it.o(i.NMI_Handler)
    NVIC_Init                                0x08009d25   Thumb Code   100  misc.o(i.NVIC_Init)
    NVIC_PriorityGroupConfig                 0x08009d95   Thumb Code    10  misc.o(i.NVIC_PriorityGroupConfig)
    OLED_Clear                               0x08009da9   Thumb Code    42  oled.o(i.OLED_Clear)
    OLED_ClearPos                            0x08009dd9   Thumb Code    36  oled.o(i.OLED_ClearPos)
    OLED_DrawPoint                           0x08009e01   Thumb Code   114  oled.o(i.OLED_DrawPoint)
    OLED_Init                                0x08009e79   Thumb Code   372  oled.o(i.OLED_Init)
    OLED_Pow                                 0x08009ff5   Thumb Code    22  oled.o(i.OLED_Pow)
    OLED_Refresh                             0x0800a00d   Thumb Code   100  oled.o(i.OLED_Refresh)
    OLED_ShowChar                            0x0800a075   Thumb Code   300  oled.o(i.OLED_ShowChar)
    OLED_ShowNum                             0x0800a1b1   Thumb Code   140  oled.o(i.OLED_ShowNum)
    OLED_ShowString                          0x0800a23d   Thumb Code    74  oled.o(i.OLED_ShowString)
    OLED_Show_mode                           0x0800a289   Thumb Code  1778  oled.o(i.OLED_Show_mode)
    OLED_WR_Byte                             0x0800a989   Thumb Code    56  oled.o(i.OLED_WR_Byte)
    OneNet_DevLink                           0x0800a9c1   Thumb Code   212  onenet.o(i.OneNet_DevLink)
    OneNet_Publish                           0x0800abe5   Thumb Code    86  onenet.o(i.OneNet_Publish)
    OneNet_RevPro                            0x0800ac61   Thumb Code   852  onenet.o(i.OneNet_RevPro)
    OneNet_Subscribe                         0x0800b1ad   Thumb Code    80  onenet.o(i.OneNet_Subscribe)
    PWR_BackupAccessCmd                      0x0800b219   Thumb Code     6  stm32f10x_pwr.o(i.PWR_BackupAccessCmd)
    PendSV_Handler                           0x0800b225   Thumb Code     2  stm32f10x_it.o(i.PendSV_Handler)
    RCC_ADCCLKConfig                         0x0800b229   Thumb Code    18  stm32f10x_rcc.o(i.RCC_ADCCLKConfig)
    RCC_AHBPeriphClockCmd                    0x0800b241   Thumb Code    26  stm32f10x_rcc.o(i.RCC_AHBPeriphClockCmd)
    RCC_APB1PeriphClockCmd                   0x0800b261   Thumb Code    26  stm32f10x_rcc.o(i.RCC_APB1PeriphClockCmd)
    RCC_APB2PeriphClockCmd                   0x0800b281   Thumb Code    26  stm32f10x_rcc.o(i.RCC_APB2PeriphClockCmd)
    RCC_APB2PeriphResetCmd                   0x0800b2a1   Thumb Code    26  stm32f10x_rcc.o(i.RCC_APB2PeriphResetCmd)
    RCC_BackupResetCmd                       0x0800b2c1   Thumb Code     6  stm32f10x_rcc.o(i.RCC_BackupResetCmd)
    RCC_GetClocksFreq                        0x0800b2cd   Thumb Code   192  stm32f10x_rcc.o(i.RCC_GetClocksFreq)
    RCC_GetFlagStatus                        0x0800b3a1   Thumb Code    56  stm32f10x_rcc.o(i.RCC_GetFlagStatus)
    RCC_LSEConfig                            0x0800b3dd   Thumb Code    46  stm32f10x_rcc.o(i.RCC_LSEConfig)
    RCC_RTCCLKCmd                            0x0800b411   Thumb Code     6  stm32f10x_rcc.o(i.RCC_RTCCLKCmd)
    RCC_RTCCLKConfig                         0x0800b41d   Thumb Code    12  stm32f10x_rcc.o(i.RCC_RTCCLKConfig)
    RTC_Alarm_Set                            0x0800b42d   Thumb Code   184  rtc.o(i.RTC_Alarm_Set)
    RTC_ClearITPendingBit                    0x0800b4f5   Thumb Code    12  stm32f10x_rtc.o(i.RTC_ClearITPendingBit)
    RTC_EnterConfigMode                      0x0800b505   Thumb Code    14  stm32f10x_rtc.o(i.RTC_EnterConfigMode)
    RTC_ExitConfigMode                       0x0800b519   Thumb Code    16  stm32f10x_rtc.o(i.RTC_ExitConfigMode)
    RTC_Get                                  0x0800b52d   Thumb Code   240  rtc.o(i.RTC_Get)
    RTC_GetCounter                           0x0800b62d   Thumb Code    16  stm32f10x_rtc.o(i.RTC_GetCounter)
    RTC_GetITStatus                          0x0800b641   Thumb Code    32  stm32f10x_rtc.o(i.RTC_GetITStatus)
    RTC_Get_Week                             0x0800b665   Thumb Code   116  rtc.o(i.RTC_Get_Week)
    RTC_IRQHandler                           0x0800b6dd   Thumb Code    90  rtc.o(i.RTC_IRQHandler)
    RTC_ITConfig                             0x0800b765   Thumb Code    26  stm32f10x_rtc.o(i.RTC_ITConfig)
    RTC_Init                                 0x0800b785   Thumb Code   214  rtc.o(i.RTC_Init)
    RTC_Set                                  0x0800b87d   Thumb Code   184  rtc.o(i.RTC_Set)
    RTC_SetAlarm                             0x0800b945   Thumb Code    24  stm32f10x_rtc.o(i.RTC_SetAlarm)
    RTC_SetCounter                           0x0800b961   Thumb Code    24  stm32f10x_rtc.o(i.RTC_SetCounter)
    RTC_SetPrescaler                         0x0800b97d   Thumb Code    26  stm32f10x_rtc.o(i.RTC_SetPrescaler)
    RTC_WaitForLastTask                      0x0800b99d   Thumb Code    16  stm32f10x_rtc.o(i.RTC_WaitForLastTask)
    RTC_WaitForSynchro                       0x0800b9b1   Thumb Code    30  stm32f10x_rtc.o(i.RTC_WaitForSynchro)
    Remote_Scan                              0x0800b9d5   Thumb Code    92  remote.o(i.Remote_Scan)
    SR301_Init                               0x0800ba3d   Thumb Code    38  sr301.o(i.SR301_Init)
    SVC_Handler                              0x0800ba69   Thumb Code     2  stm32f10x_it.o(i.SVC_Handler)
    SendByte                                 0x0800ba6b   Thumb Code    30  usart.o(i.SendByte)
    Send_Byte                                0x0800ba89   Thumb Code    78  oled.o(i.Send_Byte)
    SetMotor                                 0x0800badd   Thumb Code    94  motor.o(i.SetMotor)
    Show_Chinese                             0x0800bc29   Thumb Code   162  lcd.o(i.Show_Chinese)
    SysTick_CLKSourceConfig                  0x0800bcd1   Thumb Code    40  misc.o(i.SysTick_CLKSourceConfig)
    SysTick_Handler                          0x0800bcf9   Thumb Code     2  stm32f10x_it.o(i.SysTick_Handler)
    SystemInit                               0x0800bcfd   Thumb Code    78  system_stm32f10x.o(i.SystemInit)
    TIM2_IRQHandler                          0x0800bd5d   Thumb Code   172  motor.o(i.TIM2_IRQHandler)
    TIM3_IRQHandler                          0x0800be1d   Thumb Code   852  timer.o(i.TIM3_IRQHandler)
    TIM3_PWM_Init                            0x0800c1fd   Thumb Code   180  timer.o(i.TIM3_PWM_Init)
    TIM4_IRQHandler                          0x0800c2bd   Thumb Code   398  remote.o(i.TIM4_IRQHandler)
    TIM5_IRQHandler                          0x0800c465   Thumb Code    94  lcd.o(i.TIM5_IRQHandler)
    TIM7_IRQHandler                          0x0800c4d1   Thumb Code    42  timer.o(i.TIM7_IRQHandler)
    TIM7_Int_Init                            0x0800c505   Thumb Code    90  timer.o(i.TIM7_Int_Init)
    TIM_ClearITPendingBit                    0x0800c565   Thumb Code     6  stm32f10x_tim.o(i.TIM_ClearITPendingBit)
    TIM_Cmd                                  0x0800c56b   Thumb Code    24  stm32f10x_tim.o(i.TIM_Cmd)
    TIM_GetCapture4                          0x0800c583   Thumb Code     8  stm32f10x_tim.o(i.TIM_GetCapture4)
    TIM_GetITStatus                          0x0800c58b   Thumb Code    34  stm32f10x_tim.o(i.TIM_GetITStatus)
    TIM_ITConfig                             0x0800c5ad   Thumb Code    18  stm32f10x_tim.o(i.TIM_ITConfig)
    TIM_OC1Init                              0x0800c5c1   Thumb Code   132  stm32f10x_tim.o(i.TIM_OC1Init)
    TIM_OC1PreloadConfig                     0x0800c659   Thumb Code    18  stm32f10x_tim.o(i.TIM_OC1PreloadConfig)
    TIM_OC2Init                              0x0800c66d   Thumb Code   154  stm32f10x_tim.o(i.TIM_OC2Init)
    TIM_OC2PreloadConfig                     0x0800c711   Thumb Code    26  stm32f10x_tim.o(i.TIM_OC2PreloadConfig)
    TIM_OC4PolarityConfig                    0x0800c72b   Thumb Code    26  stm32f10x_tim.o(i.TIM_OC4PolarityConfig)
    TIM_SetCompare1                          0x0800c745   Thumb Code     4  stm32f10x_tim.o(i.TIM_SetCompare1)
    TIM_SetCompare2                          0x0800c749   Thumb Code     4  stm32f10x_tim.o(i.TIM_SetCompare2)
    TIM_SetCounter                           0x0800c74d   Thumb Code     4  stm32f10x_tim.o(i.TIM_SetCounter)
    TIM_TimeBaseInit                         0x0800c751   Thumb Code   122  stm32f10x_tim.o(i.TIM_TimeBaseInit)
    TP_Adj_Info_Show                         0x0800c7f5   Thumb Code   374  touch.o(i.TP_Adj_Info_Show)
    TP_Adjust                                0x0800c99d   Thumb Code  2058  touch.o(i.TP_Adjust)
    TP_Drow_Touch_Point                      0x0800d1f9   Thumb Code   108  touch.o(i.TP_Drow_Touch_Point)
    TP_Get_Adjdata                           0x0800d269   Thumb Code    68  touch.o(i.TP_Get_Adjdata)
    TP_Init                                  0x0800d2b9   Thumb Code   186  touch.o(i.TP_Init)
    TP_Read_AD                               0x0800d381   Thumb Code   132  touch.o(i.TP_Read_AD)
    TP_Read_XOY                              0x0800d415   Thumb Code   120  touch.o(i.TP_Read_XOY)
    TP_Read_XY                               0x0800d48d   Thumb Code    38  touch.o(i.TP_Read_XY)
    TP_Read_XY2                              0x0800d4bd   Thumb Code   192  touch.o(i.TP_Read_XY2)
    TP_Save_Adjdata                          0x0800d57d   Thumb Code    22  touch.o(i.TP_Save_Adjdata)
    TP_Scan                                  0x0800d599   Thumb Code   262  touch.o(i.TP_Scan)
    TP_Write_Byte                            0x0800d6a9   Thumb Code    64  touch.o(i.TP_Write_Byte)
    Timer2_Init                              0x0800d6f5   Thumb Code    94  motor.o(i.Timer2_Init)
    Timer3_Init                              0x0800d755   Thumb Code    88  timer.o(i.Timer3_Init)
    Timer5_Init                              0x0800d7b1   Thumb Code    90  timer.o(i.Timer5_Init)
    USART1_IRQHandler                        0x0800d811   Thumb Code    94  usart1.o(i.USART1_IRQHandler)
    USART2_IRQHandler                        0x0800d881   Thumb Code    68  esp8266.o(i.USART2_IRQHandler)
    USART3_IRQHandler                        0x0800d8d5   Thumb Code   856  usart.o(i.USART3_IRQHandler)
    USART_ClearFlag                          0x0800ddd1   Thumb Code    18  stm32f10x_usart.o(i.USART_ClearFlag)
    USART_ClearITPendingBit                  0x0800dde3   Thumb Code    30  stm32f10x_usart.o(i.USART_ClearITPendingBit)
    USART_Cmd                                0x0800de01   Thumb Code    24  stm32f10x_usart.o(i.USART_Cmd)
    USART_GetFlagStatus                      0x0800de19   Thumb Code    26  stm32f10x_usart.o(i.USART_GetFlagStatus)
    USART_GetITStatus                        0x0800de33   Thumb Code    84  stm32f10x_usart.o(i.USART_GetITStatus)
    USART_ITConfig                           0x0800de87   Thumb Code    74  stm32f10x_usart.o(i.USART_ITConfig)
    USART_Init                               0x0800ded1   Thumb Code   210  stm32f10x_usart.o(i.USART_Init)
    USART_ReceiveData                        0x0800dfa9   Thumb Code    10  stm32f10x_usart.o(i.USART_ReceiveData)
    USART_SendData                           0x0800dfb3   Thumb Code     8  stm32f10x_usart.o(i.USART_SendData)
    UsageFault_Handler                       0x0800dfbb   Thumb Code     4  stm32f10x_it.o(i.UsageFault_Handler)
    UsartPrintf                              0x0800dfbf   Thumb Code    72  usart.o(i.UsartPrintf)
    Usart_SendHalfWord                       0x0800e007   Thumb Code    60  usart.o(i.Usart_SendHalfWord)
    Usart_SendString                         0x0800e043   Thumb Code    50  usart.o(i.Usart_SendString)
    Usart_SendString2                        0x0800e075   Thumb Code    42  usart.o(i.Usart_SendString2)
    __0printf                                0x0800e0a1   Thumb Code    22  printfa.o(i.__0printf)
    __1printf                                0x0800e0a1   Thumb Code     0  printfa.o(i.__0printf)
    __2printf                                0x0800e0a1   Thumb Code     0  printfa.o(i.__0printf)
    __c89printf                              0x0800e0a1   Thumb Code     0  printfa.o(i.__0printf)
    printf                                   0x0800e0a1   Thumb Code     0  printfa.o(i.__0printf)
    __0sprintf                               0x0800e0c1   Thumb Code    34  printfa.o(i.__0sprintf)
    __1sprintf                               0x0800e0c1   Thumb Code     0  printfa.o(i.__0sprintf)
    __2sprintf                               0x0800e0c1   Thumb Code     0  printfa.o(i.__0sprintf)
    __c89sprintf                             0x0800e0c1   Thumb Code     0  printfa.o(i.__0sprintf)
    sprintf                                  0x0800e0c1   Thumb Code     0  printfa.o(i.__0sprintf)
    __0vsnprintf                             0x0800e0e9   Thumb Code    32  printfa.o(i.__0vsnprintf)
    __1vsnprintf                             0x0800e0e9   Thumb Code     0  printfa.o(i.__0vsnprintf)
    __2vsnprintf                             0x0800e0e9   Thumb Code     0  printfa.o(i.__0vsnprintf)
    __c89vsnprintf                           0x0800e0e9   Thumb Code     0  printfa.o(i.__0vsnprintf)
    vsnprintf                                0x0800e0e9   Thumb Code     0  printfa.o(i.__0vsnprintf)
    __0vsprintf                              0x0800e10d   Thumb Code    30  printfa.o(i.__0vsprintf)
    __1vsprintf                              0x0800e10d   Thumb Code     0  printfa.o(i.__0vsprintf)
    __2vsprintf                              0x0800e10d   Thumb Code     0  printfa.o(i.__0vsprintf)
    __c89vsprintf                            0x0800e10d   Thumb Code     0  printfa.o(i.__0vsprintf)
    vsprintf                                 0x0800e10d   Thumb Code     0  printfa.o(i.__0vsprintf)
    __ARM_fpclassify                         0x0800e131   Thumb Code    40  fpclassify.o(i.__ARM_fpclassify)
    __aeabi_errno_addr                       0x0800e159   Thumb Code     4  errno.o(i.__aeabi_errno_addr)
    __rt_errno_addr                          0x0800e159   Thumb Code     0  errno.o(i.__aeabi_errno_addr)
    __kernel_poly                            0x0800e161   Thumb Code   170  poly.o(i.__kernel_poly)
    __mathlib_dbl_divzero                    0x0800e20d   Thumb Code    12  dunder.o(i.__mathlib_dbl_divzero)
    __mathlib_dbl_infnan2                    0x0800e21d   Thumb Code     4  dunder.o(i.__mathlib_dbl_infnan2)
    __mathlib_dbl_invalid                    0x0800e221   Thumb Code    12  dunder.o(i.__mathlib_dbl_invalid)
    __mathlib_dbl_overflow                   0x0800e22d   Thumb Code    14  dunder.o(i.__mathlib_dbl_overflow)
    __mathlib_dbl_underflow                  0x0800e23d   Thumb Code    10  dunder.o(i.__mathlib_dbl_underflow)
    __scatterload_copy                       0x0800e24d   Thumb Code    14  handlers.o(i.__scatterload_copy)
    __scatterload_null                       0x0800e25b   Thumb Code     2  handlers.o(i.__scatterload_null)
    __scatterload_zeroinit                   0x0800e25d   Thumb Code    14  handlers.o(i.__scatterload_zeroinit)
    __set_errno                              0x0800e26d   Thumb Code     6  errno.o(i.__set_errno)
    cJSON_Delete                             0x0800eb2d   Thumb Code    82  cjson.o(i.cJSON_Delete)
    cJSON_GetArrayItem                       0x0800eb85   Thumb Code    18  cjson.o(i.cJSON_GetArrayItem)
    cJSON_GetArraySize                       0x0800eb97   Thumb Code    18  cjson.o(i.cJSON_GetArraySize)
    cJSON_GetErrorPtr                        0x0800eba9   Thumb Code     6  cjson.o(i.cJSON_GetErrorPtr)
    cJSON_GetObjectItem                      0x0800ebb5   Thumb Code    30  cjson.o(i.cJSON_GetObjectItem)
    cJSON_Parse                              0x0800ebf5   Thumb Code    16  cjson.o(i.cJSON_Parse)
    cJSON_ParseWithOpts                      0x0800ec05   Thumb Code    96  cjson.o(i.cJSON_ParseWithOpts)
    cJSON_WeatherParse                       0x0800ec69   Thumb Code  1850  esp8266.o(i.cJSON_WeatherParse)
    delay_init                               0x0800f505   Thumb Code    50  delay.o(i.delay_init)
    delay_ms                                 0x0800f549   Thumb Code    72  delay.o(i.delay_ms)
    delay_us                                 0x0800f595   Thumb Code    72  delay.o(i.delay_us)
    esp32_check_cmd                          0x0800f5e1   Thumb Code    44  esp8266.o(i.esp32_check_cmd)
    esp32_quit_trans                         0x0800f615   Thumb Code   100  esp8266.o(i.esp32_quit_trans)
    esp32_send_cmd                           0x0800f685   Thumb Code    92  esp8266.o(i.esp32_send_cmd)
    esp32_start_trans                        0x0800f6fd   Thumb Code   116  esp8266.o(i.esp32_start_trans)
    fputc                                    0x0800f7fd   Thumb Code    24  usart.o(i.fputc)
    free                                     0x0800f819   Thumb Code    76  malloc.o(i.free)
    get_current_weather                      0x0800f869   Thumb Code   162  esp8266.o(i.get_current_weather)
    get_threedays_weather                    0x0800f9d9   Thumb Code   162  esp8266.o(i.get_threedays_weather)
    main                                     0x0800fb49   Thumb Code  5476  main.o(i.main)
    malloc                                   0x0801117d   Thumb Code    92  malloc.o(i.malloc)
    my_free                                  0x080111e9   Thumb Code    26  malloc.o(i.my_free)
    my_malloc                                0x08011209   Thumb Code    30  malloc.o(i.my_malloc)
    my_mem_free                              0x0801122d   Thumb Code    96  malloc.o(i.my_mem_free)
    my_mem_init                              0x08011299   Thumb Code    54  malloc.o(i.my_mem_init)
    my_mem_malloc                            0x080112dd   Thumb Code   156  malloc.o(i.my_mem_malloc)
    my_mem_perused                           0x08011385   Thumb Code    54  malloc.o(i.my_mem_perused)
    mymemset                                 0x080113c5   Thumb Code    20  malloc.o(i.mymemset)
    pow                                      0x08011af1   Thumb Code  2478  pow.o(i.pow)
    remote_change_time                       0x080124a9   Thumb Code  1346  remote.o(i.remote_change_time)
    sim900a_call_phone                       0x08012a11   Thumb Code    38  sim900a.o(i.sim900a_call_phone)
    sim900a_send_Chinese_message             0x08012a65   Thumb Code   182  sim900a.o(i.sim900a_send_Chinese_message)
    sqrt                                     0x08012c23   Thumb Code    76  sqrt.o(i.sqrt)
    u3_printf                                0x08012c71   Thumb Code    72  usart1.o(i.u3_printf)
    uart4_init                               0x08012cc1   Thumb Code   118  usart.o(i.uart4_init)
    uart5_init                               0x08012d41   Thumb Code   114  usart.o(i.uart5_init)
    usart1_init                              0x08012dc1   Thumb Code   178  usart1.o(i.usart1_init)
    usart2_init                              0x08012e85   Thumb Code   162  usart.o(i.usart2_init)
    usart3_init                              0x08012f31   Thumb Code   158  usart.o(i.usart3_init)
    devPubTopic                              0x08012fd8   Data          17  main.o(.constdata)
    asc2_0806                                0x08012fe9   Data         552  oled.o(.constdata)
    asc2_1206                                0x08013211   Data        1140  oled.o(.constdata)
    asc2_1608                                0x08013685   Data        1520  oled.o(.constdata)
    asc2_2412                                0x08013c75   Data        3420  oled.o(.constdata)
    Hzk1                                     0x080149d1   Data         384  oled.o(.constdata)
    Hzk2                                     0x08014b51   Data          72  oled.o(.constdata)
    Hzk3                                     0x08014b99   Data         128  oled.o(.constdata)
    Hzk4                                     0x08014c19   Data         512  oled.o(.constdata)
    table_week                               0x08014e19   Data          12  rtc.o(.constdata)
    mon_table                                0x08014e25   Data          12  rtc.o(.constdata)
    hz32                                     0x08014e31   Data         960  lcd.o(.constdata)
    lcd_asc2_1206                            0x080151f1   Data        1140  lcd.o(.constdata)
    lcd_asc2_1608                            0x08015665   Data        1520  lcd.o(.constdata)
    lcd_asc2_2412                            0x08015c55   Data        3420  lcd.o(.constdata)
    Clock                                    0x080169b1   Data        2048  lcd.o(.constdata)
    Mode                                     0x080171b1   Data        2048  lcd.o(.constdata)
    Setting                                  0x080179b1   Data        2048  lcd.o(.constdata)
    Music                                    0x080181b1   Data        2048  lcd.o(.constdata)
    Control                                  0x080189b1   Data        2048  lcd.o(.constdata)
    envir_data                               0x080191b1   Data        2048  lcd.o(.constdata)
    wifi                                     0x080199b1   Data          72  lcd.o(.constdata)
    wifi2                                    0x080199f9   Data          32  lcd.o(.constdata)
    left                                     0x08019a19   Data         288  lcd.o(.constdata)
    right                                    0x08019b39   Data         288  lcd.o(.constdata)
    In                                       0x08019c59   Data         288  lcd.o(.constdata)
    Back                                     0x08019d79   Data         288  lcd.o(.constdata)
    Add                                      0x08019e99   Data          72  lcd.o(.constdata)
    Sub                                      0x08019ee1   Data          72  lcd.o(.constdata)
    Add_Sub                                  0x08019f29   Data         117  lcd.o(.constdata)
    On_Off                                   0x08019f9e   Data         128  lcd.o(.constdata)
    Music_Play                               0x0801a01e   Data         480  lcd.o(.constdata)
    Music_Stop                               0x0801a1fe   Data         480  lcd.o(.constdata)
    Music_End                                0x0801a3de   Data         288  lcd.o(.constdata)
    Voice_Add                                0x0801a4fe   Data         128  lcd.o(.constdata)
    Voice_Sub                                0x0801a57e   Data         128  lcd.o(.constdata)
    Next_File                                0x0801a5fe   Data         288  lcd.o(.constdata)
    Last_File                                0x0801a71e   Data         288  lcd.o(.constdata)
    Cloud_Music                              0x0801a83e   Data        2048  lcd.o(.constdata)
    CD                                       0x0801b03e   Data        2048  lcd.o(.constdata)
    AQ                                       0x0801b83e   Data         128  lcd.o(.constdata)
    Weather                                  0x0801b8be   Data        2048  lcd.o(.constdata)
    Light_bmp                                0x0801c0be   Data         128  lcd.o(.constdata)
    Humi_bmp                                 0x0801c13e   Data         128  lcd.o(.constdata)
    Temp_bmp                                 0x0801c1be   Data         128  lcd.o(.constdata)
    Clock_Add                                0x0801c23e   Data          96  lcd.o(.constdata)
    Clock_Sub                                0x0801c29e   Data          96  lcd.o(.constdata)
    Clock_Open                               0x0801c2fe   Data         288  lcd.o(.constdata)
    Clock_Close                              0x0801c41e   Data         288  lcd.o(.constdata)
    Add2                                     0x0801c53e   Data         288  lcd.o(.constdata)
    Sub2                                     0x0801c65e   Data         288  lcd.o(.constdata)
    sunny_bmp                                0x0801c77e   Data         512  lcd.o(.constdata)
    overcast_bmp                             0x0801c97e   Data         512  lcd.o(.constdata)
    cloudy_bmp                               0x0801cb7e   Data         512  lcd.o(.constdata)
    Light_rain_bmp                           0x0801cd7e   Data         512  lcd.o(.constdata)
    Moderate_rain_bmp                        0x0801cf7e   Data         512  lcd.o(.constdata)
    Heavy_rain_bmp                           0x0801d17e   Data         512  lcd.o(.constdata)
    shower_bmp                               0x0801d37e   Data         512  lcd.o(.constdata)
    Thunder_shower_bmp                       0x0801d57e   Data         512  lcd.o(.constdata)
    Torrential_rain_bmp                      0x0801d77e   Data         512  lcd.o(.constdata)
    skyman                                   0x0801d97e   Data       85728  lcd.o(.constdata)
    TP_REMIND_MSG_TBL                        0x08032860   Data           4  touch.o(.constdata)
    memtblsize                               0x08032864   Data           8  malloc.o(.constdata)
    memblksize                               0x0803286c   Data           8  malloc.o(.constdata)
    memsize                                  0x08032874   Data           8  malloc.o(.constdata)
    __mathlib_zero                           0x08032910   Data           8  qnan.o(.constdata)
    __ctype_table                            0x08032918   Data         129  ctype_o.o(.constdata)
    Region$$Table$$Base                      0x08032cbc   Number         0  anon$$obj.o(Region$$Table)
    Region$$Table$$Limit                     0x08032cdc   Number         0  anon$$obj.o(Region$$Table)
    adc_data                                 0x20000000   Data           2  main.o(.data)
    adc_vol                                  0x20000004   Data           4  main.o(.data)
    mq135_data                               0x20000008   Data           2  main.o(.data)
    mq135_vol                                0x2000000c   Data           4  main.o(.data)
    HomeMode                                 0x20000010   Data           1  main.o(.data)
    leaveflag                                0x20000011   Data           1  main.o(.data)
    mode                                     0x20000012   Data           1  main.o(.data)
    ClearOled                                0x20000013   Data           1  main.o(.data)
    Mq135_Max                                0x20000014   Data           4  main.o(.data)
    Temp_Max                                 0x20000018   Data           1  main.o(.data)
    Humi_Max                                 0x20000019   Data           1  main.o(.data)
    Temp_Min                                 0x2000001a   Data           1  main.o(.data)
    Humi_Min                                 0x2000001b   Data           1  main.o(.data)
    Light_Max                                0x2000001c   Data           1  main.o(.data)
    lastmove                                 0x2000001d   Data           1  main.o(.data)
    Led_Status                               0x2000001e   Data           1  main.o(.data)
    Door_Status                              0x2000001f   Data           1  main.o(.data)
    SR301_Status                             0x20000020   Data           1  main.o(.data)
    Beep_Status                              0x20000021   Data           1  main.o(.data)
    Windows_Status                           0x20000022   Data           1  main.o(.data)
    Fan_Status                               0x20000023   Data           1  main.o(.data)
    face_recognize                           0x20000024   Data           1  main.o(.data)
    OK                                       0x20000025   Data           1  main.o(.data)
    mq135_ppm                                0x20000028   Data           4  main.o(.data)
    Light                                    0x2000002c   Data           4  main.o(.data)
    devSubTopic                              0x20000030   Data           4  main.o(.data)
    ESP8266_INIT_OK                          0x20000034   Data           1  main.o(.data)
    Temp_message                             0x20000035   Data           1  main.o(.data)
    Temp_lastflag                            0x20000036   Data           1  main.o(.data)
    Temp_nowflag                             0x20000037   Data           1  main.o(.data)
    Humi_message                             0x20000038   Data           1  main.o(.data)
    Humi_lastflag                            0x20000039   Data           1  main.o(.data)
    Humi_nowflag                             0x2000003a   Data           1  main.o(.data)
    MQ135_message                            0x2000003b   Data           1  main.o(.data)
    MQ135_lastflag                           0x2000003c   Data           1  main.o(.data)
    MQ135_nowflag                            0x2000003d   Data           1  main.o(.data)
    phonecall                                0x2000003e   Data           1  main.o(.data)
    English_message                          0x2000003f   Data           8  main.o(.data)
    phonenumber                              0x20000047   Data          12  main.o(.data)
    Chinese_message                          0x20000053   Data           9  main.o(.data)
    Unicode_phonenumber                      0x2000005c   Data          45  main.o(.data)
    Temp_High_Alarm                          0x20000089   Data          57  main.o(.data)
    Temp_Low_Alarm                           0x200000c2   Data          57  main.o(.data)
    Humi_High_Alarm                          0x200000fb   Data          57  main.o(.data)
    Humi_Low_Alarm                           0x20000134   Data          57  main.o(.data)
    Air_Alarm                                0x2000016d   Data          65  main.o(.data)
    moodflag                                 0x200001ae   Data           1  main.o(.data)
    Start                                    0x200001af   Data           4  main.o(.data)
    Stop                                     0x200001b3   Data           4  main.o(.data)
    Voice_Up                                 0x200001b7   Data           4  main.o(.data)
    Voice_Down                               0x200001bb   Data           4  main.o(.data)
    Last_File2                               0x200001bf   Data           4  main.o(.data)
    Next_File2                               0x200001c3   Data           4  main.o(.data)
    End_Music                                0x200001c7   Data           4  main.o(.data)
    Mood                                     0x200001cb   Data           6  main.o(.data)
    Music_Voice                              0x200001d1   Data           1  main.o(.data)
    Play_flag                                0x200001d2   Data           1  main.o(.data)
    changeflag                               0x200001d3   Data           1  main.o(.data)
    Clock_Num                                0x200001d4   Data           1  main.o(.data)
    clockclear                               0x200001d5   Data           4  main.o(.data)
    weatherflag                              0x200001d9   Data           1  main.o(.data)
    num                                      0x200001da   Data           1  main.o(.data)
    SystemCoreClock                          0x200001dc   Data           4  system_stm32f10x.o(.data)
    AHBPrescTable                            0x200001e0   Data          16  system_stm32f10x.o(.data)
    __stdout                                 0x20000208   Data           4  usart.o(.data)
    USART_RX_STA                             0x2000020c   Data           2  usart.o(.data)
    i1                                       0x2000020e   Data           1  usart.o(.data)
    res1                                     0x2000020f   Data           1  usart.o(.data)
    res                                      0x20000210   Data           2  usart.o(.data)
    len                                      0x20000212   Data           1  usart.o(.data)
    voice_command                            0x20000213   Data           1  usart.o(.data)
    Hello                                    0x20000214   Data           6  usart.o(.data)
    Open_Living_LED                          0x2000021a   Data           6  usart.o(.data)
    Close_Living_LED                         0x20000220   Data           6  usart.o(.data)
    Open_Windows                             0x20000226   Data           6  usart.o(.data)
    Close_Windows                            0x2000022c   Data           6  usart.o(.data)
    Open_Door                                0x20000232   Data           6  usart.o(.data)
    Close_Door                               0x20000238   Data           6  usart.o(.data)
    Phone_Call_OK                            0x2000023e   Data           6  usart.o(.data)
    Introduce                                0x20000244   Data           6  usart.o(.data)
    LeaveHome                                0x2000024a   Data           6  usart.o(.data)
    BackHome                                 0x20000250   Data           6  usart.o(.data)
    Weather_Bigrain                          0x20000256   Data           6  usart.o(.data)
    Weather_Sunny                            0x2000025c   Data           6  usart.o(.data)
    Weather_Overcast                         0x20000262   Data           6  usart.o(.data)
    Weather_Cloudy                           0x20000268   Data           6  usart.o(.data)
    Weather_Shower                           0x2000026e   Data           6  usart.o(.data)
    Weather_Lightrain                        0x20000274   Data           6  usart.o(.data)
    Weather_Middlerain                       0x2000027a   Data           6  usart.o(.data)
    Weather_Heavyrain                        0x20000280   Data           6  usart.o(.data)
    Weather_Thunderrain                      0x20000286   Data           6  usart.o(.data)
    flag                                     0x2000028c   Data           1  exit.o(.data)
    count                                    0x2000028d   Data           1  exit.o(.data)
    stop_flag                                0x2000028e   Data           1  exit.o(.data)
    temperatureH                             0x20000290   Data           1  timer.o(.data)
    temperatureL                             0x20000291   Data           1  timer.o(.data)
    humidityH                                0x20000292   Data           1  timer.o(.data)
    humidityL                                0x20000293   Data           1  timer.o(.data)
    light                                    0x20000294   Data           1  timer.o(.data)
    TIM3_count1                              0x20000295   Data           1  timer.o(.data)
    TIM3_count2                              0x20000296   Data           2  timer.o(.data)
    position                                 0x20000298   Data           4  oled.o(.data)
    tim                                      0x2000029c   Data           1  oled.o(.data)
    MOTORRUN                                 0x2000029e   Data           2  motor.o(.data)
    codeCCW                                  0x200002a0   Data           8  motor.o(.data)
    codeCW                                   0x200002a8   Data           8  motor.o(.data)
    MotorStepCount                           0x200002b0   Data           2  motor.o(.data)
    RmtSta                                   0x200002b4   Data           1  remote.o(.data)
    Dval                                     0x200002b6   Data           2  remote.o(.data)
    RmtRec                                   0x200002b8   Data           4  remote.o(.data)
    RmtCnt                                   0x200002bc   Data           1  remote.o(.data)
    key_get                                  0x200002bd   Data           1  remote.o(.data)
    n                                        0x200002c0   Data           4  remote.o(.data)
    POINT_COLOR                              0x200002c4   Data           2  lcd.o(.data)
    BACK_COLOR                               0x200002c6   Data           2  lcd.o(.data)
    t                                        0x200002c8   Data           1  lcd.o(.data)
    Lcd_Page                                 0x200002cc   Data           4  lcd.o(.data)
    musicclear                               0x200002d0   Data           2  lcd.o(.data)
    weather_text                             0x200002d2   Data           8  lcd.o(.data)
    wififlag1                                0x200002da   Data           1  lcd.o(.data)
    wififlag2                                0x200002db   Data           1  lcd.o(.data)
    count5                                   0x200002dc   Data           1  lcd.o(.data)
    tp_dev                                   0x200002e0   Data          52  touch.o(.data)
    CMD_RDX                                  0x20000314   Data           1  touch.o(.data)
    CMD_RDY                                  0x20000315   Data           1  touch.o(.data)
    mallco_dev                               0x20000318   Data          28  malloc.o(.data)
    USART1_RX_STA                            0x20000334   Data           2  usart1.o(.data)
    esp8266_cnt                              0x20000344   Data           2  esp8266.o(.data)
    esp8266_cntPre                           0x20000346   Data           2  esp8266.o(.data)
    esp32_cnt                                0x20000348   Data           2  esp8266.o(.data)
    __microlib_freelist                      0x2000034c   Data           4  mvars.o(.data)
    __microlib_freelist_initialised          0x20000350   Data           4  mvars.o(.data)
    temp                                     0x20000358   Data          20  main.o(.bss)
    humi                                     0x2000036c   Data          20  main.o(.bss)
    ADC_data                                 0x20000380   Data          20  main.o(.bss)
    ADC_vol                                  0x20000394   Data          20  main.o(.bss)
    date                                     0x200003a8   Data          20  main.o(.bss)
    clock                                    0x200003bc   Data          20  main.o(.bss)
    MQ135_data                               0x200003d0   Data          20  main.o(.bss)
    MQ135_vol                                0x200003e4   Data          20  main.o(.bss)
    oledBuf                                  0x200003f8   Data          20  main.o(.bss)
    PUB_BUF                                  0x2000040c   Data         256  main.o(.bss)
    AlarmClock                               0x2000050c   Data           9  main.o(.bss)
    last_nowweather                          0x20000515   Data          20  main.o(.bss)
    last_dailyweather                        0x20000529   Data          60  main.o(.bss)
    USART_RX_BUF                             0x20000565   Data         200  usart.o(.bss)
    Usart1_buff                              0x2000062d   Data         128  usart.o(.bss)
    Buf                                      0x200006ad   Data          20  usart.o(.bss)
    OLED_GRAM                                0x200006c1   Data        1152  oled.o(.bss)
    calendar                                 0x20000b42   Data          10  rtc.o(.bss)
    str                                      0x20000b4c   Data          12  remote.o(.bss)
    dispbuf                                  0x20000b58   Data          64  sim900a.o(.bss)
    lcddev                                   0x20000b98   Data          14  lcd.o(.bss)
    light_v                                  0x20000ba6   Data          20  lcd.o(.bss)
    mq_v                                     0x20000bba   Data          20  lcd.o(.bss)
    week                                     0x20000bce   Data          20  lcd.o(.bss)
    mem1base                                 0x20000c00   Data       40960  malloc.o(.bss)
    mem1mapbase                              0x2000ac00   Data        2560  malloc.o(.bss)
    USART1_RX_BUF                            0x2000b600   Data        1200  usart1.o(.bss)
    USART1_TX_BUF                            0x2000bab0   Data        1200  usart1.o(.bss)
    esp8266_buf                              0x2000bf60   Data         128  esp8266.o(.bss)
    esp32_buf                                0x2000bfe0   Data         500  esp8266.o(.bss)
    results                                  0x2000c1d4   Data         852  esp8266.o(.bss)
    __heap_base                              0x2000c528   Data           0  startup_stm32f10x_hd.o(HEAP)
    __heap_limit                             0x2000c728   Data           0  startup_stm32f10x_hd.o(HEAP)
    __initial_sp                             0x2000cb28   Data           0  startup_stm32f10x_hd.o(STACK)
    mem2base                                 0x68000000   Data       983040  malloc.o(.ARM.__AT_0x68000000)
    mem2mapbase                              0x680f0000   Data       61440  malloc.o(.ARM.__AT_0x680F0000)



==============================================================================

Memory Map of the image

  Image Entry point : 0x08000131

  Load Region LR_IROM1 (Base: 0x08000000, Size: 0x00033034, Max: 0x00080000, ABSOLUTE, COMPRESSED[0x00032e84])

    Execution Region ER_IROM1 (Base: 0x08000000, Size: 0x00032cdc, Max: 0x00080000, ABSOLUTE)

    Base Addr    Size         Type   Attr      Idx    E Section Name        Object

    0x08000000   0x00000130   Data   RO          331    RESET               startup_stm32f10x_hd.o
    0x08000130   0x00000000   Code   RO         5368  * .ARM.Collect$$$$00000000  mc_w.l(entry.o)
    0x08000130   0x00000004   Code   RO         5741    .ARM.Collect$$$$00000001  mc_w.l(entry2.o)
    0x08000134   0x00000004   Code   RO         5744    .ARM.Collect$$$$00000004  mc_w.l(entry5.o)
    0x08000138   0x00000000   Code   RO         5746    .ARM.Collect$$$$00000008  mc_w.l(entry7b.o)
    0x08000138   0x00000000   Code   RO         5748    .ARM.Collect$$$$0000000A  mc_w.l(entry8b.o)
    0x08000138   0x00000008   Code   RO         5749    .ARM.Collect$$$$0000000B  mc_w.l(entry9a.o)
    0x08000140   0x00000000   Code   RO         5751    .ARM.Collect$$$$0000000D  mc_w.l(entry10a.o)
    0x08000140   0x00000000   Code   RO         5753    .ARM.Collect$$$$0000000F  mc_w.l(entry11a.o)
    0x08000140   0x00000004   Code   RO         5742    .ARM.Collect$$$$00002712  mc_w.l(entry2.o)
    0x08000144   0x00000024   Code   RO          332    .text               startup_stm32f10x_hd.o
    0x08000168   0x0000000c   Code   RO         5371    .text               mc_w.l(tolower.o)
    0x08000174   0x00000024   Code   RO         5373    .text               mc_w.l(memcpya.o)
    0x08000198   0x00000024   Code   RO         5375    .text               mc_w.l(memseta.o)
    0x080001bc   0x00000024   Code   RO         5377    .text               mc_w.l(strstr.o)
    0x080001e0   0x00000014   Code   RO         5379    .text               mc_w.l(strchr.o)
    0x080001f4   0x0000000e   Code   RO         5381    .text               mc_w.l(strlen.o)
    0x08000202   0x0000001c   Code   RO         5383    .text               mc_w.l(strcmp.o)
    0x0800021e   0x00000028   Code   RO         5385    .text               mc_w.l(strncat.o)
    0x08000246   0x00000012   Code   RO         5387    .text               mc_w.l(strcpy.o)
    0x08000258   0x0000001e   Code   RO         5389    .text               mc_w.l(strncmp.o)
    0x08000276   0x0000001a   Code   RO         5682    .text               mc_w.l(atoi.o)
    0x08000290   0x000000b0   Code   RO         5684    .text               mf_w.l(fadd.o)
    0x08000340   0x00000064   Code   RO         5686    .text               mf_w.l(fmul.o)
    0x080003a4   0x0000007c   Code   RO         5688    .text               mf_w.l(fdiv.o)
    0x08000420   0x0000014e   Code   RO         5690    .text               mf_w.l(dadd.o)
    0x0800056e   0x000000e4   Code   RO         5692    .text               mf_w.l(dmul.o)
    0x08000652   0x000000de   Code   RO         5694    .text               mf_w.l(ddiv.o)
    0x08000730   0x00000012   Code   RO         5696    .text               mf_w.l(fflti.o)
    0x08000742   0x0000000a   Code   RO         5698    .text               mf_w.l(ffltui.o)
    0x0800074c   0x00000022   Code   RO         5700    .text               mf_w.l(dflti.o)
    0x0800076e   0x0000001a   Code   RO         5702    .text               mf_w.l(dfltui.o)
    0x08000788   0x00000032   Code   RO         5704    .text               mf_w.l(ffixi.o)
    0x080007ba   0x00000028   Code   RO         5706    .text               mf_w.l(ffixui.o)
    0x080007e2   0x0000003e   Code   RO         5708    .text               mf_w.l(dfixi.o)
    0x08000820   0x00000032   Code   RO         5710    .text               mf_w.l(dfixui.o)
    0x08000852   0x00000026   Code   RO         5712    .text               mf_w.l(f2d.o)
    0x08000878   0x00000030   Code   RO         5714    .text               mf_w.l(cdcmple.o)
    0x080008a8   0x00000030   Code   RO         5716    .text               mf_w.l(cdrcmple.o)
    0x080008d8   0x00000038   Code   RO         5718    .text               mf_w.l(d2f.o)
    0x08000910   0x00000014   Code   RO         5720    .text               mf_w.l(cfrcmple.o)
    0x08000924   0x0000002c   Code   RO         5755    .text               mc_w.l(uidiv.o)
    0x08000950   0x00000062   Code   RO         5757    .text               mc_w.l(uldiv.o)
    0x080009b2   0x0000001e   Code   RO         5759    .text               mc_w.l(llshl.o)
    0x080009d0   0x00000020   Code   RO         5761    .text               mc_w.l(llushr.o)
    0x080009f0   0x00000024   Code   RO         5763    .text               mc_w.l(llsshr.o)
    0x08000a14   0x00000070   Code   RO         5774    .text               mc_w.l(strtol.o)
    0x08000a84   0x00000000   Code   RO         5776    .text               mc_w.l(iusefp.o)
    0x08000a84   0x0000006e   Code   RO         5777    .text               mf_w.l(fepilogue.o)
    0x08000af2   0x000000ba   Code   RO         5779    .text               mf_w.l(depilogue.o)
    0x08000bac   0x0000002e   Code   RO         5781    .text               mf_w.l(dscalb.o)
    0x08000bda   0x000000a2   Code   RO         5783    .text               mf_w.l(dsqrt.o)
    0x08000c7c   0x00000030   Code   RO         5785    .text               mf_w.l(dfixul.o)
    0x08000cac   0x00000024   Code   RO         5787    .text               mc_w.l(init.o)
    0x08000cd0   0x00000008   Code   RO         5789    .text               mc_w.l(ctype_o.o)
    0x08000cd8   0x0000009e   Code   RO         5817    .text               mc_w.l(_strtoul.o)
    0x08000d76   0x0000001c   Code   RO         5819    .text               mc_w.l(_chval.o)
    0x08000d92   0x00000056   Code   RO         5829    .text               mc_w.l(__dczerorl2.o)
    0x08000de8   0x00000016   Code   RO          378    i.ADC_Cmd           stm32f10x_adc.o
    0x08000dfe   0x00000002   PAD
    0x08000e00   0x0000005c   Code   RO          380    i.ADC_DeInit        stm32f10x_adc.o
    0x08000e5c   0x00000014   Code   RO          386    i.ADC_GetCalibrationStatus  stm32f10x_adc.o
    0x08000e70   0x00000008   Code   RO          387    i.ADC_GetConversionValue  stm32f10x_adc.o
    0x08000e78   0x00000012   Code   RO          389    i.ADC_GetFlagStatus  stm32f10x_adc.o
    0x08000e8a   0x00000014   Code   RO          392    i.ADC_GetResetCalibrationStatus  stm32f10x_adc.o
    0x08000e9e   0x00000002   PAD
    0x08000ea0   0x00000050   Code   RO          396    i.ADC_Init          stm32f10x_adc.o
    0x08000ef0   0x000000b8   Code   RO          400    i.ADC_RegularChannelConfig  stm32f10x_adc.o
    0x08000fa8   0x0000000a   Code   RO          401    i.ADC_ResetCalibration  stm32f10x_adc.o
    0x08000fb2   0x00000016   Code   RO          403    i.ADC_SoftwareStartConvCmd  stm32f10x_adc.o
    0x08000fc8   0x0000000a   Code   RO          405    i.ADC_StartCalibration  stm32f10x_adc.o
    0x08000fd2   0x00000008   Code   RO         4108    i.AT24CXX_Init      24cxx.o
    0x08000fda   0x00000022   Code   RO         4109    i.AT24CXX_Read      24cxx.o
    0x08000ffc   0x0000002c   Code   RO         4110    i.AT24CXX_ReadLenByte  24cxx.o
    0x08001028   0x00000058   Code   RO         4111    i.AT24CXX_ReadOneByte  24cxx.o
    0x08001080   0x00000024   Code   RO         4112    i.AT24CXX_Write     24cxx.o
    0x080010a4   0x0000002a   Code   RO         4113    i.AT24CXX_WriteLenByte  24cxx.o
    0x080010ce   0x00000050   Code   RO         4114    i.AT24CXX_WriteOneByte  24cxx.o
    0x0800111e   0x00000002   PAD
    0x08001120   0x0000008c   Code   RO         3820    i.Adc_Init          adc.o
    0x080011ac   0x00000038   Code   RO         3480    i.BEEP_Init         beep.o
    0x080011e4   0x00000010   Code   RO          596    i.BKP_DeInit        stm32f10x_bkp.o
    0x080011f4   0x0000001c   Code   RO          601    i.BKP_ReadBackupRegister  stm32f10x_bkp.o
    0x08001210   0x0000001c   Code   RO          605    i.BKP_WriteBackupRegister  stm32f10x_bkp.o
    0x0800122c   0x00000004   Code   RO          195    i.BusFault_Handler  stm32f10x_it.o
    0x08001230   0x0000006c   Code   RO         3357    i.DEBUG_LOG         usart.o
    0x0800129c   0x00000064   Code   RO         3777    i.DHT11_Check       dht11.o
    0x08001300   0x0000003c   Code   RO         3778    i.DHT11_Init        dht11.o
    0x0800133c   0x0000004c   Code   RO         3779    i.DHT11_Read_Bit    dht11.o
    0x08001388   0x0000001e   Code   RO         3780    i.DHT11_Read_Byte   dht11.o
    0x080013a6   0x0000006e   Code   RO         3781    i.DHT11_Read_Data   dht11.o
    0x08001414   0x00000040   Code   RO         3782    i.DHT11_Rst         dht11.o
    0x08001454   0x00000002   Code   RO          196    i.DebugMon_Handler  stm32f10x_it.o
    0x08001456   0x00000002   PAD
    0x08001458   0x0000001c   Code   RO         5021    i.ESP8266_Clear     esp8266.o
    0x08001474   0x00000050   Code   RO         5022    i.ESP8266_GetIPD    esp8266.o
    0x080014c4   0x000001e4   Code   RO         5023    i.ESP8266_Init      esp8266.o
    0x080016a8   0x00000054   Code   RO         5024    i.ESP8266_SendCmd   esp8266.o
    0x080016fc   0x00000048   Code   RO         5025    i.ESP8266_SendData  esp8266.o
    0x08001744   0x00000034   Code   RO         5026    i.ESP8266_WaitRecive  esp8266.o
    0x08001778   0x0000004c   Code   RO         3511    i.EXTI0_IRQHandler  exit.o
    0x080017c4   0x00000ab4   Code   RO         3512    i.EXTI15_10_IRQHandler  exit.o
    0x08002278   0x00000074   Code   RO         3925    i.EXTI2_IRQHandler  sr301.o
    0x080022ec   0x00000054   Code   RO         3513    i.EXTI3_IRQHandler  exit.o
    0x08002340   0x0000004c   Code   RO         3514    i.EXTI4_IRQHandler  exit.o
    0x0800238c   0x000000ae   Code   RO         3515    i.EXTIX_Init        exit.o
    0x0800243a   0x0000004c   Code   RO         3926    i.EXTIX_SR301_Init  sr301.o
    0x08002486   0x00000002   PAD
    0x08002488   0x0000000c   Code   RO         1134    i.EXTI_ClearITPendingBit  stm32f10x_exti.o
    0x08002494   0x00000028   Code   RO         1138    i.EXTI_GetITStatus  stm32f10x_exti.o
    0x080024bc   0x00000094   Code   RO         1139    i.EXTI_Init         stm32f10x_exti.o
    0x08002550   0x00000034   Code   RO         1372    i.FSMC_NORSRAMCmd   stm32f10x_fsmc.o
    0x08002584   0x000000e6   Code   RO         1374    i.FSMC_NORSRAMInit  stm32f10x_fsmc.o
    0x0800266a   0x00000002   PAD
    0x0800266c   0x00000040   Code   RO         1484    i.GPIO_EXTILineConfig  stm32f10x_gpio.o
    0x080026ac   0x00000116   Code   RO         1487    i.GPIO_Init         stm32f10x_gpio.o
    0x080027c2   0x00000002   PAD
    0x080027c4   0x00000090   Code   RO         1489    i.GPIO_PinRemapConfig  stm32f10x_gpio.o
    0x08002854   0x00000012   Code   RO         1491    i.GPIO_ReadInputDataBit  stm32f10x_gpio.o
    0x08002866   0x00000012   Code   RO         1493    i.GPIO_ReadOutputDataBit  stm32f10x_gpio.o
    0x08002878   0x00000004   Code   RO         1494    i.GPIO_ResetBits    stm32f10x_gpio.o
    0x0800287c   0x00000004   Code   RO         1495    i.GPIO_SetBits      stm32f10x_gpio.o
    0x08002880   0x00000034   Code   RO         3821    i.Get_Adc           adc.o
    0x080028b4   0x0000002e   Code   RO         3823    i.Get_Adc_Average   adc.o
    0x080028e2   0x0000002e   Code   RO         3950    i.Get_MA135_Adc_Average  mq135.o
    0x08002910   0x00000034   Code   RO         3951    i.Get_MQ135_Adc     mq135.o
    0x08002944   0x00000004   Code   RO          197    i.HardFault_Handler  stm32f10x_it.o
    0x08002948   0x0000003c   Code   RO         3612    i.I2C_Start         oled.o
    0x08002984   0x0000002c   Code   RO         3613    i.I2C_Stop          oled.o
    0x080029b0   0x00000034   Code   RO         3614    i.I2C_WaitAck       oled.o
    0x080029e4   0x00000050   Code   RO         4161    i.IIC_Ack           myiic.o
    0x08002a34   0x00000034   Code   RO         4162    i.IIC_Init          myiic.o
    0x08002a68   0x00000050   Code   RO         4163    i.IIC_NAck          myiic.o
    0x08002ab8   0x00000070   Code   RO         4164    i.IIC_Read_Byte     myiic.o
    0x08002b28   0x00000074   Code   RO         4165    i.IIC_Send_Byte     myiic.o
    0x08002b9c   0x0000004c   Code   RO         4166    i.IIC_Start         myiic.o
    0x08002be8   0x0000004c   Code   RO         4167    i.IIC_Stop          myiic.o
    0x08002c34   0x00000064   Code   RO         4168    i.IIC_Wait_Ack      myiic.o
    0x08002c98   0x00000010   Code   RO         3615    i.IIC_delay         oled.o
    0x08002ca8   0x0000003a   Code   RO         3974    i.Is_Leap_Year      rtc.o
    0x08002ce2   0x00000002   PAD
    0x08002ce4   0x00000048   Code   RO         3492    i.KEY_Init          key.o
    0x08002d2c   0x0000006c   Code   RO         4216    i.LCD_Clear         lcd.o
    0x08002d98   0x00000060   Code   RO         4218    i.LCD_DisplayOff    lcd.o
    0x08002df8   0x00000060   Code   RO         4219    i.LCD_DisplayOn     lcd.o
    0x08002e58   0x000001c0   Code   RO         4220    i.LCD_Display_Dir   lcd.o
    0x08003018   0x000000b0   Code   RO         4221    i.LCD_DrawLine      lcd.o
    0x080030c8   0x00000024   Code   RO         4222    i.LCD_DrawPoint     lcd.o
    0x080030ec   0x0000003c   Code   RO         4223    i.LCD_DrawRectangle  lcd.o
    0x08003128   0x00000098   Code   RO         4224    i.LCD_Draw_Circle   lcd.o
    0x080031c0   0x0000017c   Code   RO         4225    i.LCD_Fast_DrawPoint  lcd.o
    0x0800333c   0x000000bc   Code   RO         4226    i.LCD_Fill          lcd.o
    0x080033f8   0x0000376c   Code   RO         4227    i.LCD_Init          lcd.o
    0x08006b64   0x00000016   Code   RO         4228    i.LCD_Pow           lcd.o
    0x08006b7a   0x00000002   PAD
    0x08006b7c   0x00000014   Code   RO         4229    i.LCD_RD_DATA       lcd.o
    0x08006b90   0x00000016   Code   RO         4231    i.LCD_ReadReg       lcd.o
    0x08006ba6   0x00000002   PAD
    0x08006ba8   0x00000054   Code   RO         4232    i.LCD_SSD_BackLightSet  lcd.o
    0x08006bfc   0x000002ec   Code   RO         4233    i.LCD_Scan_Dir      lcd.o
    0x08006ee8   0x000001a8   Code   RO         4234    i.LCD_SetCursor     lcd.o
    0x08007090   0x00000128   Code   RO         4236    i.LCD_ShowChar      lcd.o
    0x080071b8   0x00000094   Code   RO         4237    i.LCD_ShowNum       lcd.o
    0x0800724c   0x00001cb8   Code   RO         4238    i.LCD_ShowPage      lcd.o
    0x08008f04   0x000000b0   Code   RO         4239    i.LCD_ShowPicture   lcd.o
    0x08008fb4   0x00000066   Code   RO         4240    i.LCD_ShowString    lcd.o
    0x0800901a   0x000000be   Code   RO         4241    i.LCD_ShowxNum      lcd.o
    0x080090d8   0x0000000c   Code   RO         4242    i.LCD_WR_DATA       lcd.o
    0x080090e4   0x0000000c   Code   RO         4243    i.LCD_WR_REG        lcd.o
    0x080090f0   0x00000014   Code   RO         4245    i.LCD_WriteRAM_Prepare  lcd.o
    0x08009104   0x00000010   Code   RO         4246    i.LCD_WriteReg      lcd.o
    0x08009114   0x00000068   Code   RO         3468    i.LED_Init          led.o
    0x0800917c   0x0000003c   Code   RO         3855    i.Lsens_Get_Val     lsens.o
    0x080091b8   0x00000008   Code   RO         3856    i.Lsens_Init        lsens.o
    0x080091c0   0x00000034   Code   RO         3873    i.MOTOR_Init        motor.o
    0x080091f4   0x0000008c   Code   RO         3952    i.MQ135_Init        mq135.o
    0x08009280   0x0000001c   Code   RO         5124    i.MQTT_DeleteBuffer  mqttkit.o
    0x0800929c   0x0000002e   Code   RO         5125    i.MQTT_DumpLength   mqttkit.o
    0x080092ca   0x00000058   Code   RO         5126    i.MQTT_NewBuffer    mqttkit.o
    0x08009322   0x00000002   PAD
    0x08009324   0x000002a0   Code   RO         5128    i.MQTT_PacketConnect  mqttkit.o
    0x080095c4   0x000001b8   Code   RO         5131    i.MQTT_PacketPublish  mqttkit.o
    0x0800977c   0x00000048   Code   RO         5133    i.MQTT_PacketPublishComp  mqttkit.o
    0x080097c4   0x00000048   Code   RO         5135    i.MQTT_PacketPublishRel  mqttkit.o
    0x0800980c   0x000000fe   Code   RO         5138    i.MQTT_PacketSubscribe  mqttkit.o
    0x0800990a   0x00000046   Code   RO         5140    i.MQTT_ReadLength   mqttkit.o
    0x08009950   0x0000008c   Code   RO         5141    i.MQTT_UnPacketCmd  mqttkit.o
    0x080099dc   0x0000001e   Code   RO         5142    i.MQTT_UnPacketConnectAck  mqttkit.o
    0x080099fa   0x00000002   PAD
    0x080099fc   0x000001c0   Code   RO         5143    i.MQTT_UnPacketPublish  mqttkit.o
    0x08009bbc   0x0000001e   Code   RO         5144    i.MQTT_UnPacketPublishAck  mqttkit.o
    0x08009bda   0x0000001e   Code   RO         5145    i.MQTT_UnPacketPublishComp  mqttkit.o
    0x08009bf8   0x0000001e   Code   RO         5146    i.MQTT_UnPacketPublishRec  mqttkit.o
    0x08009c16   0x00000024   Code   RO         5147    i.MQTT_UnPacketPublishRel  mqttkit.o
    0x08009c3a   0x00000002   PAD
    0x08009c3c   0x00000074   Code   RO         5148    i.MQTT_UnPacketRecv  mqttkit.o
    0x08009cb0   0x00000034   Code   RO         5149    i.MQTT_UnPacketSubscribe  mqttkit.o
    0x08009ce4   0x00000012   Code   RO         5150    i.MQTT_UnPacketUnSubscribe  mqttkit.o
    0x08009cf6   0x00000004   Code   RO          198    i.MemManage_Handler  stm32f10x_it.o
    0x08009cfa   0x00000002   PAD
    0x08009cfc   0x00000024   Code   RO         3876    i.Motor_Stop        motor.o
    0x08009d20   0x00000002   Code   RO          199    i.NMI_Handler       stm32f10x_it.o
    0x08009d22   0x00000002   PAD
    0x08009d24   0x00000070   Code   RO          336    i.NVIC_Init         misc.o
    0x08009d94   0x00000014   Code   RO          337    i.NVIC_PriorityGroupConfig  misc.o
    0x08009da8   0x00000030   Code   RO         3616    i.OLED_Clear        oled.o
    0x08009dd8   0x00000028   Code   RO         3617    i.OLED_ClearPos     oled.o
    0x08009e00   0x00000078   Code   RO         3624    i.OLED_DrawPoint    oled.o
    0x08009e78   0x0000017c   Code   RO         3625    i.OLED_Init         oled.o
    0x08009ff4   0x00000016   Code   RO         3626    i.OLED_Pow          oled.o
    0x0800a00a   0x00000002   PAD
    0x0800a00c   0x00000068   Code   RO         3627    i.OLED_Refresh      oled.o
    0x0800a074   0x0000013c   Code   RO         3629    i.OLED_ShowChar     oled.o
    0x0800a1b0   0x0000008c   Code   RO         3631    i.OLED_ShowNum      oled.o
    0x0800a23c   0x0000004a   Code   RO         3633    i.OLED_ShowString   oled.o
    0x0800a286   0x00000002   PAD
    0x0800a288   0x00000700   Code   RO         3634    i.OLED_Show_mode    oled.o
    0x0800a988   0x00000038   Code   RO         3635    i.OLED_WR_Byte      oled.o
    0x0800a9c0   0x00000224   Code   RO         5308    i.OneNet_DevLink    onenet.o
    0x0800abe4   0x0000007c   Code   RO         5309    i.OneNet_Publish    onenet.o
    0x0800ac60   0x0000054c   Code   RO         5310    i.OneNet_RevPro     onenet.o
    0x0800b1ac   0x0000006c   Code   RO         5311    i.OneNet_Subscribe  onenet.o
    0x0800b218   0x0000000c   Code   RO         1841    i.PWR_BackupAccessCmd  stm32f10x_pwr.o
    0x0800b224   0x00000002   Code   RO          200    i.PendSV_Handler    stm32f10x_it.o
    0x0800b226   0x00000002   PAD
    0x0800b228   0x00000018   Code   RO         1901    i.RCC_ADCCLKConfig  stm32f10x_rcc.o
    0x0800b240   0x00000020   Code   RO         1902    i.RCC_AHBPeriphClockCmd  stm32f10x_rcc.o
    0x0800b260   0x00000020   Code   RO         1903    i.RCC_APB1PeriphClockCmd  stm32f10x_rcc.o
    0x0800b280   0x00000020   Code   RO         1905    i.RCC_APB2PeriphClockCmd  stm32f10x_rcc.o
    0x0800b2a0   0x00000020   Code   RO         1906    i.RCC_APB2PeriphResetCmd  stm32f10x_rcc.o
    0x0800b2c0   0x0000000c   Code   RO         1908    i.RCC_BackupResetCmd  stm32f10x_rcc.o
    0x0800b2cc   0x000000d4   Code   RO         1913    i.RCC_GetClocksFreq  stm32f10x_rcc.o
    0x0800b3a0   0x0000003c   Code   RO         1914    i.RCC_GetFlagStatus  stm32f10x_rcc.o
    0x0800b3dc   0x00000034   Code   RO         1921    i.RCC_LSEConfig     stm32f10x_rcc.o
    0x0800b410   0x0000000c   Code   RO         1928    i.RCC_RTCCLKCmd     stm32f10x_rcc.o
    0x0800b41c   0x00000010   Code   RO         1929    i.RCC_RTCCLKConfig  stm32f10x_rcc.o
    0x0800b42c   0x000000c8   Code   RO         3975    i.RTC_Alarm_Set     rtc.o
    0x0800b4f4   0x00000010   Code   RO         2102    i.RTC_ClearITPendingBit  stm32f10x_rtc.o
    0x0800b504   0x00000014   Code   RO         2103    i.RTC_EnterConfigMode  stm32f10x_rtc.o
    0x0800b518   0x00000014   Code   RO         2104    i.RTC_ExitConfigMode  stm32f10x_rtc.o
    0x0800b52c   0x00000100   Code   RO         3976    i.RTC_Get           rtc.o
    0x0800b62c   0x00000014   Code   RO         2105    i.RTC_GetCounter    stm32f10x_rtc.o
    0x0800b640   0x00000024   Code   RO         2108    i.RTC_GetITStatus   stm32f10x_rtc.o
    0x0800b664   0x00000078   Code   RO         3977    i.RTC_Get_Week      rtc.o
    0x0800b6dc   0x00000088   Code   RO         3978    i.RTC_IRQHandler    rtc.o
    0x0800b764   0x00000020   Code   RO         2109    i.RTC_ITConfig      stm32f10x_rtc.o
    0x0800b784   0x000000d6   Code   RO         3979    i.RTC_Init          rtc.o
    0x0800b85a   0x00000020   Code   RO         3980    i.RTC_NVIC_Config   rtc.o
    0x0800b87a   0x00000002   PAD
    0x0800b87c   0x000000c8   Code   RO         3981    i.RTC_Set           rtc.o
    0x0800b944   0x0000001c   Code   RO         2110    i.RTC_SetAlarm      stm32f10x_rtc.o
    0x0800b960   0x0000001c   Code   RO         2111    i.RTC_SetCounter    stm32f10x_rtc.o
    0x0800b97c   0x00000020   Code   RO         2112    i.RTC_SetPrescaler  stm32f10x_rtc.o
    0x0800b99c   0x00000014   Code   RO         2113    i.RTC_WaitForLastTask  stm32f10x_rtc.o
    0x0800b9b0   0x00000024   Code   RO         2114    i.RTC_WaitForSynchro  stm32f10x_rtc.o
    0x0800b9d4   0x00000068   Code   RO         4036    i.Remote_Scan       remote.o
    0x0800ba3c   0x0000002c   Code   RO         3927    i.SR301_Init        sr301.o
    0x0800ba68   0x00000002   Code   RO          201    i.SVC_Handler       stm32f10x_it.o
    0x0800ba6a   0x0000001e   Code   RO         3358    i.SendByte          usart.o
    0x0800ba88   0x00000054   Code   RO         3636    i.Send_Byte         oled.o
    0x0800badc   0x00000064   Code   RO         3877    i.SetMotor          motor.o
    0x0800bb40   0x00000008   Code   RO          284    i.SetSysClock       system_stm32f10x.o
    0x0800bb48   0x000000e0   Code   RO          285    i.SetSysClockTo72   system_stm32f10x.o
    0x0800bc28   0x000000a8   Code   RO         4247    i.Show_Chinese      lcd.o
    0x0800bcd0   0x00000028   Code   RO          340    i.SysTick_CLKSourceConfig  misc.o
    0x0800bcf8   0x00000002   Code   RO          202    i.SysTick_Handler   stm32f10x_it.o
    0x0800bcfa   0x00000002   PAD
    0x0800bcfc   0x00000060   Code   RO          287    i.SystemInit        system_stm32f10x.o
    0x0800bd5c   0x000000c0   Code   RO         3878    i.TIM2_IRQHandler   motor.o
    0x0800be1c   0x000003e0   Code   RO         3554    i.TIM3_IRQHandler   timer.o
    0x0800c1fc   0x000000c0   Code   RO         3555    i.TIM3_PWM_Init     timer.o
    0x0800c2bc   0x000001a8   Code   RO         4037    i.TIM4_IRQHandler   remote.o
    0x0800c464   0x0000006c   Code   RO         4248    i.TIM5_IRQHandler   lcd.o
    0x0800c4d0   0x00000034   Code   RO         3556    i.TIM7_IRQHandler   timer.o
    0x0800c504   0x00000060   Code   RO         3557    i.TIM7_Int_Init     timer.o
    0x0800c564   0x00000006   Code   RO         2532    i.TIM_ClearITPendingBit  stm32f10x_tim.o
    0x0800c56a   0x00000018   Code   RO         2537    i.TIM_Cmd           stm32f10x_tim.o
    0x0800c582   0x00000008   Code   RO         2555    i.TIM_GetCapture4   stm32f10x_tim.o
    0x0800c58a   0x00000022   Code   RO         2558    i.TIM_GetITStatus   stm32f10x_tim.o
    0x0800c5ac   0x00000012   Code   RO         2562    i.TIM_ITConfig      stm32f10x_tim.o
    0x0800c5be   0x00000002   PAD
    0x0800c5c0   0x00000098   Code   RO         2566    i.TIM_OC1Init       stm32f10x_tim.o
    0x0800c658   0x00000012   Code   RO         2569    i.TIM_OC1PreloadConfig  stm32f10x_tim.o
    0x0800c66a   0x00000002   PAD
    0x0800c66c   0x000000a4   Code   RO         2571    i.TIM_OC2Init       stm32f10x_tim.o
    0x0800c710   0x0000001a   Code   RO         2574    i.TIM_OC2PreloadConfig  stm32f10x_tim.o
    0x0800c72a   0x0000001a   Code   RO         2582    i.TIM_OC4PolarityConfig  stm32f10x_tim.o
    0x0800c744   0x00000004   Code   RO         2598    i.TIM_SetCompare1   stm32f10x_tim.o
    0x0800c748   0x00000004   Code   RO         2599    i.TIM_SetCompare2   stm32f10x_tim.o
    0x0800c74c   0x00000004   Code   RO         2602    i.TIM_SetCounter    stm32f10x_tim.o
    0x0800c750   0x000000a4   Code   RO         2608    i.TIM_TimeBaseInit  stm32f10x_tim.o
    0x0800c7f4   0x000001a8   Code   RO         4449    i.TP_Adj_Info_Show  touch.o
    0x0800c99c   0x0000085c   Code   RO         4450    i.TP_Adjust         touch.o
    0x0800d1f8   0x00000070   Code   RO         4452    i.TP_Drow_Touch_Point  touch.o
    0x0800d268   0x00000050   Code   RO         4453    i.TP_Get_Adjdata    touch.o
    0x0800d2b8   0x000000c8   Code   RO         4454    i.TP_Init           touch.o
    0x0800d380   0x00000094   Code   RO         4455    i.TP_Read_AD        touch.o
    0x0800d414   0x00000078   Code   RO         4456    i.TP_Read_XOY       touch.o
    0x0800d48c   0x00000030   Code   RO         4457    i.TP_Read_XY        touch.o
    0x0800d4bc   0x000000c0   Code   RO         4458    i.TP_Read_XY2       touch.o
    0x0800d57c   0x0000001c   Code   RO         4459    i.TP_Save_Adjdata   touch.o
    0x0800d598   0x00000110   Code   RO         4460    i.TP_Scan           touch.o
    0x0800d6a8   0x0000004c   Code   RO         4461    i.TP_Write_Byte     touch.o
    0x0800d6f4   0x0000005e   Code   RO         3879    i.Timer2_Init       motor.o
    0x0800d752   0x00000002   PAD
    0x0800d754   0x0000005c   Code   RO         3558    i.Timer3_Init       timer.o
    0x0800d7b0   0x00000060   Code   RO         3559    i.Timer5_Init       timer.o
    0x0800d810   0x00000070   Code   RO         4623    i.USART1_IRQHandler  usart1.o
    0x0800d880   0x00000054   Code   RO         5027    i.USART2_IRQHandler  esp8266.o
    0x0800d8d4   0x000004fc   Code   RO         3359    i.USART3_IRQHandler  usart.o
    0x0800ddd0   0x00000012   Code   RO         3069    i.USART_ClearFlag   stm32f10x_usart.o
    0x0800dde2   0x0000001e   Code   RO         3070    i.USART_ClearITPendingBit  stm32f10x_usart.o
    0x0800de00   0x00000018   Code   RO         3073    i.USART_Cmd         stm32f10x_usart.o
    0x0800de18   0x0000001a   Code   RO         3076    i.USART_GetFlagStatus  stm32f10x_usart.o
    0x0800de32   0x00000054   Code   RO         3077    i.USART_GetITStatus  stm32f10x_usart.o
    0x0800de86   0x0000004a   Code   RO         3079    i.USART_ITConfig    stm32f10x_usart.o
    0x0800ded0   0x000000d8   Code   RO         3080    i.USART_Init        stm32f10x_usart.o
    0x0800dfa8   0x0000000a   Code   RO         3087    i.USART_ReceiveData  stm32f10x_usart.o
    0x0800dfb2   0x00000008   Code   RO         3090    i.USART_SendData    stm32f10x_usart.o
    0x0800dfba   0x00000004   Code   RO          203    i.UsageFault_Handler  stm32f10x_it.o
    0x0800dfbe   0x00000048   Code   RO         3362    i.UsartPrintf       usart.o
    0x0800e006   0x0000003c   Code   RO         3363    i.Usart_SendHalfWord  usart.o
    0x0800e042   0x00000032   Code   RO         3364    i.Usart_SendString  usart.o
    0x0800e074   0x0000002a   Code   RO         3365    i.Usart_SendString2  usart.o
    0x0800e09e   0x00000002   PAD
    0x0800e0a0   0x00000020   Code   RO         5626    i.__0printf         mc_w.l(printfa.o)
    0x0800e0c0   0x00000028   Code   RO         5628    i.__0sprintf        mc_w.l(printfa.o)
    0x0800e0e8   0x00000024   Code   RO         5631    i.__0vsnprintf      mc_w.l(printfa.o)
    0x0800e10c   0x00000024   Code   RO         5632    i.__0vsprintf       mc_w.l(printfa.o)
    0x0800e130   0x00000028   Code   RO         5736    i.__ARM_fpclassify  m_ws.l(fpclassify.o)
    0x0800e158   0x00000008   Code   RO         5767    i.__aeabi_errno_addr  mc_w.l(errno.o)
    0x0800e160   0x000000aa   Code   RO         5738    i.__kernel_poly     m_ws.l(poly.o)
    0x0800e20a   0x00000002   PAD
    0x0800e20c   0x00000010   Code   RO         5722    i.__mathlib_dbl_divzero  m_ws.l(dunder.o)
    0x0800e21c   0x00000004   Code   RO         5724    i.__mathlib_dbl_infnan2  m_ws.l(dunder.o)
    0x0800e220   0x0000000c   Code   RO         5725    i.__mathlib_dbl_invalid  m_ws.l(dunder.o)
    0x0800e22c   0x0000000e   Code   RO         5726    i.__mathlib_dbl_overflow  m_ws.l(dunder.o)
    0x0800e23a   0x00000002   PAD
    0x0800e23c   0x00000010   Code   RO         5728    i.__mathlib_dbl_underflow  m_ws.l(dunder.o)
    0x0800e24c   0x0000000e   Code   RO         5823    i.__scatterload_copy  mc_w.l(handlers.o)
    0x0800e25a   0x00000002   Code   RO         5824    i.__scatterload_null  mc_w.l(handlers.o)
    0x0800e25c   0x0000000e   Code   RO         5825    i.__scatterload_zeroinit  mc_w.l(handlers.o)
    0x0800e26a   0x00000002   PAD
    0x0800e26c   0x0000000c   Code   RO         5769    i.__set_errno       mc_w.l(errno.o)
    0x0800e278   0x00000164   Code   RO         5633    i._fp_digits        mc_w.l(printfa.o)
    0x0800e3dc   0x000006dc   Code   RO         5634    i._printf_core      mc_w.l(printfa.o)
    0x0800eab8   0x00000024   Code   RO         5635    i._printf_post_padding  mc_w.l(printfa.o)
    0x0800eadc   0x0000002e   Code   RO         5636    i._printf_pre_padding  mc_w.l(printfa.o)
    0x0800eb0a   0x00000016   Code   RO         5637    i._snputc           mc_w.l(printfa.o)
    0x0800eb20   0x0000000a   Code   RO         5638    i._sputc            mc_w.l(printfa.o)
    0x0800eb2a   0x00000002   PAD
    0x0800eb2c   0x00000058   Code   RO         4675    i.cJSON_Delete      cjson.o
    0x0800eb84   0x00000012   Code   RO         4681    i.cJSON_GetArrayItem  cjson.o
    0x0800eb96   0x00000012   Code   RO         4682    i.cJSON_GetArraySize  cjson.o
    0x0800eba8   0x0000000c   Code   RO         4683    i.cJSON_GetErrorPtr  cjson.o
    0x0800ebb4   0x0000001e   Code   RO         4684    i.cJSON_GetObjectItem  cjson.o
    0x0800ebd2   0x00000002   PAD
    0x0800ebd4   0x00000020   Code   RO         4688    i.cJSON_New_Item    cjson.o
    0x0800ebf4   0x00000010   Code   RO         4689    i.cJSON_Parse       cjson.o
    0x0800ec04   0x00000064   Code   RO         4690    i.cJSON_ParseWithOpts  cjson.o
    0x0800ec68   0x00000850   Code   RO         5028    i.cJSON_WeatherParse  esp8266.o
    0x0800f4b8   0x0000004c   Code   RO         4696    i.cJSON_strcasecmp  cjson.o
    0x0800f504   0x00000044   Code   RO         3303    i.delay_init        delay.o
    0x0800f548   0x0000004c   Code   RO         3304    i.delay_ms          delay.o
    0x0800f594   0x0000004c   Code   RO         3305    i.delay_us          delay.o
    0x0800f5e0   0x00000034   Code   RO         5029    i.esp32_check_cmd   esp8266.o
    0x0800f614   0x00000070   Code   RO         5030    i.esp32_quit_trans  esp8266.o
    0x0800f684   0x00000078   Code   RO         5031    i.esp32_send_cmd    esp8266.o
    0x0800f6fc   0x00000100   Code   RO         5032    i.esp32_start_trans  esp8266.o
    0x0800f7fc   0x0000001c   Code   RO         3367    i.fputc             usart.o
    0x0800f818   0x00000050   Code   RO         5654    i.free              mc_w.l(malloc.o)
    0x0800f868   0x00000170   Code   RO         5033    i.get_current_weather  esp8266.o
    0x0800f9d8   0x00000170   Code   RO         5034    i.get_threedays_weather  esp8266.o
    0x0800fb48   0x00001634   Code   RO            1    i.main              main.o
    0x0801117c   0x0000006c   Code   RO         5655    i.malloc            mc_w.l(malloc.o)
    0x080111e8   0x00000020   Code   RO         4541    i.my_free           malloc.o
    0x08011208   0x00000024   Code   RO         4542    i.my_malloc         malloc.o
    0x0801122c   0x0000006c   Code   RO         4543    i.my_mem_free       malloc.o
    0x08011298   0x00000044   Code   RO         4544    i.my_mem_init       malloc.o
    0x080112dc   0x000000a8   Code   RO         4545    i.my_mem_malloc     malloc.o
    0x08011384   0x00000040   Code   RO         4546    i.my_mem_perused    malloc.o
    0x080113c4   0x00000014   Code   RO         4550    i.mymemset          malloc.o
    0x080113d8   0x000000ac   Code   RO         4700    i.parse_array       cjson.o
    0x08011484   0x00000114   Code   RO         4701    i.parse_hex4        cjson.o
    0x08011598   0x000001bc   Code   RO         4702    i.parse_number      cjson.o
    0x08011754   0x00000114   Code   RO         4703    i.parse_object      cjson.o
    0x08011868   0x000001cc   Code   RO         4704    i.parse_string      cjson.o
    0x08011a34   0x000000bc   Code   RO         4705    i.parse_value       cjson.o
    0x08011af0   0x000009b8   Code   RO         5351    i.pow               m_ws.l(pow.o)
    0x080124a8   0x00000568   Code   RO         4038    i.remote_change_time  remote.o
    0x08012a10   0x00000054   Code   RO         4074    i.sim900a_call_phone  sim900a.o
    0x08012a64   0x000001ac   Code   RO         4075    i.sim900a_send_Chinese_message  sim900a.o
    0x08012c10   0x00000012   Code   RO         4713    i.skip              cjson.o
    0x08012c22   0x0000004c   Code   RO         5361    i.sqrt              m_ws.l(sqrt.o)
    0x08012c6e   0x00000002   PAD
    0x08012c70   0x00000050   Code   RO         4624    i.u3_printf         usart1.o
    0x08012cc0   0x00000080   Code   RO         3368    i.uart4_init        usart.o
    0x08012d40   0x00000080   Code   RO         3369    i.uart5_init        usart.o
    0x08012dc0   0x000000c4   Code   RO         4625    i.usart1_init       usart1.o
    0x08012e84   0x000000ac   Code   RO         3370    i.usart2_init       usart.o
    0x08012f30   0x000000a8   Code   RO         3371    i.usart3_init       usart.o
    0x08012fd8   0x00000011   Data   RO            3    .constdata          main.o
    0x08012fe9   0x00001e30   Data   RO         3638    .constdata          oled.o
    0x08014e19   0x00000018   Data   RO         3983    .constdata          rtc.o
    0x08014e31   0x0001da2d   Data   RO         4251    .constdata          lcd.o
    0x0803285e   0x00000002   PAD
    0x08032860   0x00000004   Data   RO         4462    .constdata          touch.o
    0x08032864   0x00000018   Data   RO         4555    .constdata          malloc.o
    0x0803287c   0x00000007   Data   RO         4716    .constdata          cjson.o
    0x08032883   0x00000005   PAD
    0x08032888   0x00000088   Data   RO         5352    .constdata          m_ws.l(pow.o)
    0x08032910   0x00000008   Data   RO         5740    .constdata          m_ws.l(qnan.o)
    0x08032918   0x00000081   Data   RO         5790    .constdata          mc_w.l(ctype_o.o)
    0x08032999   0x00000003   PAD
    0x0803299c   0x00000004   Data   RO         5791    .constdata          mc_w.l(ctype_o.o)
    0x080329a0   0x000000be   Data   RO            4    .conststring        main.o
    0x08032a5e   0x00000002   PAD
    0x08032a60   0x00000079   Data   RO         4463    .conststring        touch.o
    0x08032ad9   0x00000003   PAD
    0x08032adc   0x000001de   Data   RO         5036    .conststring        esp8266.o
    0x08032cba   0x00000002   PAD
    0x08032cbc   0x00000020   Data   RO         5821    Region$$Table       anon$$obj.o


    Execution Region RW_IRAM1 (Base: 0x20000000, Size: 0x0000cb28, Max: 0x00010000, ABSOLUTE, COMPRESSED[0x000001a8])

    Base Addr    Size         Type   Attr      Idx    E Section Name        Object

    0x20000000   0x000001db   Data   RW            5    .data               main.o
    0x200001db   0x00000001   PAD
    0x200001dc   0x00000014   Data   RW          288    .data               system_stm32f10x.o
    0x200001f0   0x00000014   Data   RW         1933    .data               stm32f10x_rcc.o
    0x20000204   0x00000004   Data   RW         3306    .data               delay.o
    0x20000208   0x00000084   Data   RW         3373    .data               usart.o
    0x2000028c   0x00000003   Data   RW         3516    .data               exit.o
    0x2000028f   0x00000001   PAD
    0x20000290   0x00000008   Data   RW         3561    .data               timer.o
    0x20000298   0x00000005   Data   RW         3639    .data               oled.o
    0x2000029d   0x00000001   PAD
    0x2000029e   0x00000014   Data   RW         3880    .data               motor.o
    0x200002b2   0x00000002   Data   RW         3984    .data               rtc.o
    0x200002b4   0x00000010   Data   RW         4040    .data               remote.o
    0x200002c4   0x00000019   Data   RW         4252    .data               lcd.o
    0x200002dd   0x00000003   PAD
    0x200002e0   0x00000036   Data   RW         4464    .data               touch.o
    0x20000316   0x00000002   PAD
    0x20000318   0x0000001c   Data   RW         4556    .data               malloc.o
    0x20000334   0x00000002   Data   RW         4627    .data               usart1.o
    0x20000336   0x00000002   PAD
    0x20000338   0x0000000c   Data   RW         4717    .data               cjson.o
    0x20000344   0x00000006   Data   RW         5037    .data               esp8266.o
    0x2000034a   0x00000002   Data   RW         5312    .data               onenet.o
    0x2000034c   0x00000004   Data   RW         5765    .data               mc_w.l(mvars.o)
    0x20000350   0x00000004   Data   RW         5766    .data               mc_w.l(mvars.o)
    0x20000354   0x00000004   Data   RW         5770    .data               mc_w.l(errno.o)
    0x20000358   0x0000020d   Zero   RW            2    .bss                main.o
    0x20000565   0x0000015c   Zero   RW         3372    .bss                usart.o
    0x200006c1   0x00000480   Zero   RW         3637    .bss                oled.o
    0x20000b41   0x00000001   PAD
    0x20000b42   0x0000000a   Zero   RW         3982    .bss                rtc.o
    0x20000b4c   0x0000000c   Zero   RW         4039    .bss                remote.o
    0x20000b58   0x00000040   Zero   RW         4077    .bss                sim900a.o
    0x20000b98   0x0000004a   Zero   RW         4250    .bss                lcd.o
    0x20000be2   0x0000001e   PAD
    0x20000c00   0x0000aa00   Zero   RW         4554    .bss                malloc.o
    0x2000b600   0x00000960   Zero   RW         4626    .bss                usart1.o
    0x2000bf60   0x000005c8   Zero   RW         5035    .bss                esp8266.o
    0x2000c528   0x00000200   Zero   RW          330    HEAP                startup_stm32f10x_hd.o
    0x2000c728   0x00000400   Zero   RW          329    STACK               startup_stm32f10x_hd.o



  Load Region LR$$.ARM.__AT_0x68000000 (Base: 0x68000000, Size: 0x00000000, Max: 0x000f0000, ABSOLUTE)

    Execution Region ER$$.ARM.__AT_0x68000000 (Base: 0x68000000, Size: 0x000f0000, Max: 0x000f0000, ABSOLUTE, UNINIT)

    Base Addr    Size         Type   Attr      Idx    E Section Name        Object

    0x68000000   0x000f0000   Zero   RW         4552    .ARM.__AT_0x68000000  malloc.o



  Load Region LR$$.ARM.__AT_0x680F0000 (Base: 0x680f0000, Size: 0x00000000, Max: 0x0000f000, ABSOLUTE)

    Execution Region ER$$.ARM.__AT_0x680F0000 (Base: 0x680f0000, Size: 0x0000f000, Max: 0x0000f000, ABSOLUTE, UNINIT)

    Base Addr    Size         Type   Attr      Idx    E Section Name        Object

    0x680f0000   0x0000f000   Zero   RW         4553    .ARM.__AT_0x680F0000  malloc.o


==============================================================================

Image component sizes


      Code (inc. data)   RO Data    RW Data    ZI Data      Debug   Object Name

       332          0          0          0          0       4796   24cxx.o
       238         14          0          0          0       1863   adc.o
        56          6          0          0          0        532   beep.o
      2224         88          7         12          0      14387   cjson.o
         0          0          0          0          0         32   core_cm3.o
       220         26          0          4          0       1859   delay.o
       440         32          0          0          0       4232   dht11.o
      4288       1620        478          6       1480      12650   esp8266.o
      3150        240          0          3          0       4776   exit.o
        72          8          0          0          0        543   key.o
     25848       1226     121389         25         74      37361   lcd.o
       104         14          0          0          0        551   led.o
        68          0          0          0          0       1129   lsens.o
      5684        836        207        475        525     283403   main.o
       496         60         24         28    1088000       6491   malloc.o
       172         22          0          0          0       2221   misc.o
       474         42          0         20          0       3737   motor.o
       238         14          0          0          0       1913   mq135.o
      2672         26          0          0          0      17888   mqttkit.o
       692        100          0          0          0       4542   myiic.o
      3348        486       7728          5       1152      13387   oled.o
      2136        926          0          2          0       6763   onenet.o
      1912        236          0         16         12       4143   remote.o
      1216         98         24          2         10       7026   rtc.o
       512        292          0          0         64       2180   sim900a.o
       236         76          0          0          0       1675   sr301.o
        36          8        304          0       1536        812   startup_stm32f10x_hd.o
       486         24          0          0          0       9002   stm32f10x_adc.o
        72         10          0          0          0       2836   stm32f10x_bkp.o
       200         18          0          0          0       2260   stm32f10x_exti.o
       282          6          0          0          0       1937   stm32f10x_fsmc.o
       530         10          0          0          0       6017   stm32f10x_gpio.o
        26          0          0          0          0       4090   stm32f10x_it.o
        12          6          0          0          0        550   stm32f10x_pwr.o
       516         76          0         20          0       9354   stm32f10x_rcc.o
       288         52          0          0          0       6111   stm32f10x_rtc.o
       652         72          0          0          0       9479   stm32f10x_tim.o
       490          6          0          0          0       7713   stm32f10x_usart.o
       328         28          0         20          0       2297   system_stm32f10x.o
      1520        178          0          8          0       7106   timer.o
      3840        252        125         54          0      10617   touch.o
      2262        490          0        132        348      13251   usart.o
       388         44          0          2       2400       2894   usart1.o

    ----------------------------------------------------------------------
     68806       7768     130332        844    1095632     536406   Object Totals
         0          0         32          0          0          0   (incl. Generated)
        50          0         14         10         31          0   (incl. Padding)

    ----------------------------------------------------------------------

      Code (inc. data)   RO Data    RW Data    ZI Data      Debug   Library Member Name

        62         10          0          0          0        340   dunder.o
        40          0          0          0          0         68   fpclassify.o
       170          0          0          0          0         96   poly.o
      2488        190        136          0          0        300   pow.o
         0          0          8          0          0          0   qnan.o
        76          0          0          0          0         84   sqrt.o
        86          0          0          0          0          0   __dczerorl2.o
        28          0          0          0          0         68   _chval.o
       158          0          0          0          0         92   _strtoul.o
        26          0          0          0          0         80   atoi.o
         8          4        133          0          0         68   ctype_o.o
         0          0          0          0          0          0   entry.o
         0          0          0          0          0          0   entry10a.o
         0          0          0          0          0          0   entry11a.o
         8          4          0          0          0          0   entry2.o
         4          0          0          0          0          0   entry5.o
         0          0          0          0          0          0   entry7b.o
         0          0          0          0          0          0   entry8b.o
         8          4          0          0          0          0   entry9a.o
        20         10          0          4          0        136   errno.o
        30          0          0          0          0          0   handlers.o
        36          8          0          0          0         68   init.o
         0          0          0          0          0          0   iusefp.o
        30          0          0          0          0         68   llshl.o
        36          0          0          0          0         68   llsshr.o
        32          0          0          0          0         68   llushr.o
       188         20          0          0          0        160   malloc.o
        36          0          0          0          0         68   memcpya.o
        36          0          0          0          0        108   memseta.o
         0          0          0          8          0          0   mvars.o
      2370        106          0          0          0        824   printfa.o
        20          0          0          0          0         68   strchr.o
        28          0          0          0          0         76   strcmp.o
        18          0          0          0          0         68   strcpy.o
        14          0          0          0          0         68   strlen.o
        40          0          0          0          0         76   strncat.o
        30          0          0          0          0         80   strncmp.o
        36          0          0          0          0         80   strstr.o
       112          0          0          0          0         88   strtol.o
        12          0          0          0          0         68   tolower.o
        44          0          0          0          0         80   uidiv.o
        98          0          0          0          0         92   uldiv.o
        48          0          0          0          0         68   cdcmple.o
        48          0          0          0          0         68   cdrcmple.o
        20          0          0          0          0         68   cfrcmple.o
        56          0          0          0          0         88   d2f.o
       334          0          0          0          0        148   dadd.o
       222          0          0          0          0        100   ddiv.o
       186          0          0          0          0        176   depilogue.o
        62          0          0          0          0         80   dfixi.o
        50          0          0          0          0         76   dfixui.o
        48          0          0          0          0         68   dfixul.o
        34          0          0          0          0         76   dflti.o
        26          0          0          0          0         76   dfltui.o
       228          0          0          0          0         96   dmul.o
        46          0          0          0          0         80   dscalb.o
       162          0          0          0          0        100   dsqrt.o
        38          0          0          0          0         68   f2d.o
       176          0          0          0          0        140   fadd.o
       124          0          0          0          0         88   fdiv.o
       110          0          0          0          0        168   fepilogue.o
        50          0          0          0          0         68   ffixi.o
        40          0          0          0          0         68   ffixui.o
        18          0          0          0          0         68   fflti.o
        10          0          0          0          0         68   ffltui.o
       100          0          0          0          0         76   fmul.o

    ----------------------------------------------------------------------
      8674        356        280         12          0       5788   Library Totals
        10          0          3          0          0          0   (incl. Padding)

    ----------------------------------------------------------------------

      Code (inc. data)   RO Data    RW Data    ZI Data      Debug   Library Name

      2836        200        144          0          0        888   m_ws.l
      3592        156        133         12          0       2720   mc_w.l
      2236          0          0          0          0       2180   mf_w.l

    ----------------------------------------------------------------------
      8674        356        280         12          0       5788   Library Totals

    ----------------------------------------------------------------------

==============================================================================


      Code (inc. data)   RO Data    RW Data    ZI Data      Debug   

     77480       8124     130612        856    1095632     524486   Grand Totals
     77480       8124     130612        424    1095632     524486   ELF Image Totals (compressed)
     77480       8124     130612        424          0          0   ROM Totals

==============================================================================

    Total RO  Size (Code + RO Data)               208092 ( 203.21kB)
    Total RW  Size (RW Data + ZI Data)           1096488 (1070.79kB)
    Total ROM Size (Code + RO Data + RW Data)     208516 ( 203.63kB)

==============================================================================

